Archive member included to satisfy reference by file (symbol)

/opt/st/stm32cubeide_1.3.0/plugins/com.st.stm32cube.ide.mcu.externaltools.gnu-tools-for-stm32.7-2018-q2-update.linux64_1.0.0.201904181610/tools/bin/../lib/gcc/arm-none-eabi/7.3.1/../../../../arm-none-eabi/lib/thumb/v7e-m/fpv4-sp/hard/libstdc++_nano.a(pure.o)
                              Core/Src/mainpp.o (__cxa_pure_virtual)
/opt/st/stm32cubeide_1.3.0/plugins/com.st.stm32cube.ide.mcu.externaltools.gnu-tools-for-stm32.7-2018-q2-update.linux64_1.0.0.201904181610/tools/bin/../lib/gcc/arm-none-eabi/7.3.1/../../../../arm-none-eabi/lib/thumb/v7e-m/fpv4-sp/hard/libstdc++_nano.a(eh_terminate.o)
                              /opt/st/stm32cubeide_1.3.0/plugins/com.st.stm32cube.ide.mcu.externaltools.gnu-tools-for-stm32.7-2018-q2-update.linux64_1.0.0.201904181610/tools/bin/../lib/gcc/arm-none-eabi/7.3.1/../../../../arm-none-eabi/lib/thumb/v7e-m/fpv4-sp/hard/libstdc++_nano.a(pure.o) (std::terminate())
/opt/st/stm32cubeide_1.3.0/plugins/com.st.stm32cube.ide.mcu.externaltools.gnu-tools-for-stm32.7-2018-q2-update.linux64_1.0.0.201904181610/tools/bin/../lib/gcc/arm-none-eabi/7.3.1/../../../../arm-none-eabi/lib/thumb/v7e-m/fpv4-sp/hard/libstdc++_nano.a(eh_unex_handler.o)
                              /opt/st/stm32cubeide_1.3.0/plugins/com.st.stm32cube.ide.mcu.externaltools.gnu-tools-for-stm32.7-2018-q2-update.linux64_1.0.0.201904181610/tools/bin/../lib/gcc/arm-none-eabi/7.3.1/../../../../arm-none-eabi/lib/thumb/v7e-m/fpv4-sp/hard/libstdc++_nano.a(eh_terminate.o) (__cxxabiv1::__unexpected_handler)
/opt/st/stm32cubeide_1.3.0/plugins/com.st.stm32cube.ide.mcu.externaltools.gnu-tools-for-stm32.7-2018-q2-update.linux64_1.0.0.201904181610/tools/bin/../lib/gcc/arm-none-eabi/7.3.1/../../../../arm-none-eabi/lib/thumb/v7e-m/fpv4-sp/hard/libstdc++_nano.a(eh_term_handler.o)
                              /opt/st/stm32cubeide_1.3.0/plugins/com.st.stm32cube.ide.mcu.externaltools.gnu-tools-for-stm32.7-2018-q2-update.linux64_1.0.0.201904181610/tools/bin/../lib/gcc/arm-none-eabi/7.3.1/../../../../arm-none-eabi/lib/thumb/v7e-m/fpv4-sp/hard/libstdc++_nano.a(eh_terminate.o) (__cxxabiv1::__terminate_handler)
/opt/st/stm32cubeide_1.3.0/plugins/com.st.stm32cube.ide.mcu.externaltools.gnu-tools-for-stm32.7-2018-q2-update.linux64_1.0.0.201904181610/tools/bin/../lib/gcc/arm-none-eabi/7.3.1/../../../../arm-none-eabi/lib/thumb/v7e-m/fpv4-sp/hard/libc_nano.a(lib_a-abort.o)
                              /opt/st/stm32cubeide_1.3.0/plugins/com.st.stm32cube.ide.mcu.externaltools.gnu-tools-for-stm32.7-2018-q2-update.linux64_1.0.0.201904181610/tools/bin/../lib/gcc/arm-none-eabi/7.3.1/../../../../arm-none-eabi/lib/thumb/v7e-m/fpv4-sp/hard/libstdc++_nano.a(eh_terminate.o) (abort)
/opt/st/stm32cubeide_1.3.0/plugins/com.st.stm32cube.ide.mcu.externaltools.gnu-tools-for-stm32.7-2018-q2-update.linux64_1.0.0.201904181610/tools/bin/../lib/gcc/arm-none-eabi/7.3.1/../../../../arm-none-eabi/lib/thumb/v7e-m/fpv4-sp/hard/libc_nano.a(lib_a-errno.o)
                              Core/Src/syscalls.o (__errno)
/opt/st/stm32cubeide_1.3.0/plugins/com.st.stm32cube.ide.mcu.externaltools.gnu-tools-for-stm32.7-2018-q2-update.linux64_1.0.0.201904181610/tools/bin/../lib/gcc/arm-none-eabi/7.3.1/../../../../arm-none-eabi/lib/thumb/v7e-m/fpv4-sp/hard/libc_nano.a(lib_a-exit.o)
                              /opt/st/stm32cubeide_1.3.0/plugins/com.st.stm32cube.ide.mcu.externaltools.gnu-tools-for-stm32.7-2018-q2-update.linux64_1.0.0.201904181610/tools/bin/../lib/gcc/arm-none-eabi/7.3.1/../../../../arm-none-eabi/lib/thumb/v7e-m/fpv4-sp/hard/crt0.o (exit)
/opt/st/stm32cubeide_1.3.0/plugins/com.st.stm32cube.ide.mcu.externaltools.gnu-tools-for-stm32.7-2018-q2-update.linux64_1.0.0.201904181610/tools/bin/../lib/gcc/arm-none-eabi/7.3.1/../../../../arm-none-eabi/lib/thumb/v7e-m/fpv4-sp/hard/libc_nano.a(lib_a-impure.o)
                              /opt/st/stm32cubeide_1.3.0/plugins/com.st.stm32cube.ide.mcu.externaltools.gnu-tools-for-stm32.7-2018-q2-update.linux64_1.0.0.201904181610/tools/bin/../lib/gcc/arm-none-eabi/7.3.1/../../../../arm-none-eabi/lib/thumb/v7e-m/fpv4-sp/hard/libc_nano.a(lib_a-exit.o) (_global_impure_ptr)
/opt/st/stm32cubeide_1.3.0/plugins/com.st.stm32cube.ide.mcu.externaltools.gnu-tools-for-stm32.7-2018-q2-update.linux64_1.0.0.201904181610/tools/bin/../lib/gcc/arm-none-eabi/7.3.1/../../../../arm-none-eabi/lib/thumb/v7e-m/fpv4-sp/hard/libc_nano.a(lib_a-init.o)
                              /opt/st/stm32cubeide_1.3.0/plugins/com.st.stm32cube.ide.mcu.externaltools.gnu-tools-for-stm32.7-2018-q2-update.linux64_1.0.0.201904181610/tools/bin/../lib/gcc/arm-none-eabi/7.3.1/../../../../arm-none-eabi/lib/thumb/v7e-m/fpv4-sp/hard/crt0.o (__libc_init_array)
/opt/st/stm32cubeide_1.3.0/plugins/com.st.stm32cube.ide.mcu.externaltools.gnu-tools-for-stm32.7-2018-q2-update.linux64_1.0.0.201904181610/tools/bin/../lib/gcc/arm-none-eabi/7.3.1/../../../../arm-none-eabi/lib/thumb/v7e-m/fpv4-sp/hard/libc_nano.a(lib_a-memcpy-stub.o)
[...]
Memory Configuration

Name             Origin             Length             Attributes
CCMRAM           0x0000000010000000 0x0000000000001000 xrw
RAM              0x0000000020000000 0x0000000000003000 xrw
FLASH            0x0000000008000000 0x0000000000010000 xr
*default*        0x0000000000000000 0xffffffffffffffff

Linker script and memory map

LOAD /opt/st/stm32cubeide_1.3.0/plugins/com.st.stm32cube.ide.mcu.externaltools.gnu-tools-for-stm32.7-2018-q2-update.linux64_1.0.0.201904181610/tools/bin/../lib/gcc/arm-none-eabi/7.3.1/thumb/v7e-m/fpv4-sp/hard/crti.o
LOAD /opt/st/stm32cubeide_1.3.0/plugins/com.st.stm32cube.ide.mcu.externaltools.gnu-tools-for-stm32.7-2018-q2-update.linux64_1.0.0.201904181610/tools/bin/../lib/gcc/arm-none-eabi/7.3.1/thumb/v7e-m/fpv4-sp/hard/crtbegin.o
LOAD /opt/st/stm32cubeide_1.3.0/plugins/com.st.stm32cube.ide.mcu.externaltools.gnu-tools-for-stm32.7-2018-q2-update.linux64_1.0.0.201904181610/tools/bin/../lib/gcc/arm-none-eabi/7.3.1/../../../../arm-none-eabi/lib/thumb/v7e-m/fpv4-sp/hard/crt0.o
LOAD Core/Inc/duration.o
LOAD Core/Inc/time.o
LOAD Core/Src/main.o
LOAD Core/Src/mainpp.o
LOAD Core/Src/stm32f3xx_hal_msp.o
LOAD Core/Src/stm32f3xx_it.o
LOAD Core/Src/syscalls.o
LOAD Core/Src/sysmem.o
LOAD Core/Src/system_stm32f3xx.o
LOAD Core/Startup/startup_stm32f303k8tx.o
LOAD Drivers/STM32F3xx_HAL_Driver/Src/stm32f3xx_hal.o
LOAD Drivers/STM32F3xx_HAL_Driver/Src/stm32f3xx_hal_cortex.o
LOAD Drivers/STM32F3xx_HAL_Driver/Src/stm32f3xx_hal_dma.o
LOAD Drivers/STM32F3xx_HAL_Driver/Src/stm32f3xx_hal_exti.o
LOAD Drivers/STM32F3xx_HAL_Driver/Src/stm32f3xx_hal_flash.o
LOAD Drivers/STM32F3xx_HAL_Driver/Src/stm32f3xx_hal_flash_ex.o
LOAD Drivers/STM32F3xx_HAL_Driver/Src/stm32f3xx_hal_gpio.o
LOAD Drivers/STM32F3xx_HAL_Driver/Src/stm32f3xx_hal_i2c.o
LOAD Drivers/STM32F3xx_HAL_Driver/Src/stm32f3xx_hal_i2c_ex.o
LOAD Drivers/STM32F3xx_HAL_Driver/Src/stm32f3xx_hal_pwr.o
LOAD Drivers/STM32F3xx_HAL_Driver/Src/stm32f3xx_hal_pwr_ex.o
LOAD Drivers/STM32F3xx_HAL_Driver/Src/stm32f3xx_hal_rcc.o
LOAD Drivers/STM32F3xx_HAL_Driver/Src/stm32f3xx_hal_rcc_ex.o
LOAD Drivers/STM32F3xx_HAL_Driver/Src/stm32f3xx_hal_tim.o
LOAD Drivers/STM32F3xx_HAL_Driver/Src/stm32f3xx_hal_tim_ex.o
LOAD Drivers/STM32F3xx_HAL_Driver/Src/stm32f3xx_hal_uart.o
LOAD Drivers/STM32F3xx_HAL_Driver/Src/stm32f3xx_hal_uart_ex.o
START GROUP
LOAD /opt/st/stm32cubeide_1.3.0/plugins/com.st.stm32cube.ide.mcu.externaltools.gnu-tools-for-stm32.7-2018-q2-update.linux64_1.0.0.201904181610/tools/bin/../lib/gcc/arm-none-eabi/7.3.1/../../../../arm-none-eabi/lib/thumb/v7e-m/fpv4-sp/hard/libstdc++_nano.a
LOAD /opt/st/stm32cubeide_1.3.0/plugins/com.st.stm32cube.ide.mcu.externaltools.gnu-tools-for-stm32.7-2018-q2-update.linux64_1.0.0.201904181610/tools/bin/../lib/gcc/arm-none-eabi/7.3.1/../../../../arm-none-eabi/lib/thumb/v7e-m/fpv4-sp/hard/libsupc++_nano.a
END GROUP
LOAD /opt/st/stm32cubeide_1.3.0/plugins/com.st.stm32cube.ide.mcu.externaltools.gnu-tools-for-stm32.7-2018-q2-update.linux64_1.0.0.201904181610/tools/bin/../lib/gcc/arm-none-eabi/7.3.1/../../../../arm-none-eabi/lib/thumb/v7e-m/fpv4-sp/hard/libstdc++_nano.a
LOAD /opt/st/stm32cubeide_1.3.0/plugins/com.st.stm32cube.ide.mcu.externaltools.gnu-tools-for-stm32.7-2018-q2-update.linux64_1.0.0.201904181610/tools/bin/../lib/gcc/arm-none-eabi/7.3.1/../../../../arm-none-eabi/lib/thumb/v7e-m/fpv4-sp/hard/libm.a
LOAD /opt/st/stm32cubeide_1.3.0/plugins/com.st.stm32cube.ide.mcu.externaltools.gnu-tools-for-stm32.7-2018-q2-update.linux64_1.0.0.201904181610/tools/bin/../lib/gcc/arm-none-eabi/7.3.1/../../../../arm-none-eabi/lib/thumb/v7e-m/fpv4-sp/hard/libc_nano.a
START GROUP
LOAD /opt/st/stm32cubeide_1.3.0/plugins/com.st.stm32cube.ide.mcu.externaltools.gnu-tools-for-stm32.7-2018-q2-update.linux64_1.0.0.201904181610/tools/bin/../lib/gcc/arm-none-eabi/7.3.1/thumb/v7e-m/fpv4-sp/hard/libgcc.a
LOAD /opt/st/stm32cubeide_1.3.0/plugins/com.st.stm32cube.ide.mcu.externaltools.gnu-tools-for-stm32.7-2018-q2-update.linux64_1.0.0.201904181610/tools/bin/../lib/gcc/arm-none-eabi/7.3.1/../../../../arm-none-eabi/lib/thumb/v7e-m/fpv4-sp/hard/libc_nano.a
END GROUP
START GROUP
LOAD /opt/st/stm32cubeide_1.3.0/plugins/com.st.stm32cube.ide.mcu.externaltools.gnu-tools-for-stm32.7-2018-q2-update.linux64_1.0.0.201904181610/tools/bin/../lib/gcc/arm-none-eabi/7.3.1/thumb/v7e-m/fpv4-sp/hard/libgcc.a
LOAD /opt/st/stm32cubeide_1.3.0/plugins/com.st.stm32cube.ide.mcu.externaltools.gnu-tools-for-stm32.7-2018-q2-update.linux64_1.0.0.201904181610/tools/bin/../lib/gcc/arm-none-eabi/7.3.1/../../../../arm-none-eabi/lib/thumb/v7e-m/fpv4-sp/hard/libc_nano.a
LOAD /opt/st/stm32cubeide_1.3.0/plugins/com.st.stm32cube.ide.mcu.externaltools.gnu-tools-for-stm32.7-2018-q2-update.linux64_1.0.0.201904181610/tools/bin/../lib/gcc/arm-none-eabi/7.3.1/../../../../arm-none-eabi/lib/thumb/v7e-m/fpv4-sp/hard/libnosys.a
END GROUP
START GROUP
LOAD /opt/st/stm32cubeide_1.3.0/plugins/com.st.stm32cube.ide.mcu.externaltools.gnu-tools-for-stm32.7-2018-q2-update.linux64_1.0.0.201904181610/tools/bin/../lib/gcc/arm-none-eabi/7.3.1/thumb/v7e-m/fpv4-sp/hard/libgcc.a
LOAD /opt/st/stm32cubeide_1.3.0/plugins/com.st.stm32cube.ide.mcu.externaltools.gnu-tools-for-stm32.7-2018-q2-update.linux64_1.0.0.201904181610/tools/bin/../lib/gcc/arm-none-eabi/7.3.1/../../../../arm-none-eabi/lib/thumb/v7e-m/fpv4-sp/hard/libc_nano.a
LOAD /opt/st/stm32cubeide_1.3.0/plugins/com.st.stm32cube.ide.mcu.externaltools.gnu-tools-for-stm32.7-2018-q2-update.linux64_1.0.0.201904181610/tools/bin/../lib/gcc/arm-none-eabi/7.3.1/../../../../arm-none-eabi/lib/thumb/v7e-m/fpv4-sp/hard/libnosys.a
END GROUP
LOAD /opt/st/stm32cubeide_1.3.0/plugins/com.st.stm32cube.ide.mcu.externaltools.gnu-tools-for-stm32.7-2018-q2-update.linux64_1.0.0.201904181610/tools/bin/../lib/gcc/arm-none-eabi/7.3.1/thumb/v7e-m/fpv4-sp/hard/crtend.o
LOAD /opt/st/stm32cubeide_1.3.0/plugins/com.st.stm32cube.ide.mcu.externaltools.gnu-tools-for-stm32.7-2018-q2-update.linux64_1.0.0.201904181610/tools/bin/../lib/gcc/arm-none-eabi/7.3.1/thumb/v7e-m/fpv4-sp/hard/crtn.o
                0x0000000020003000                _estack = (ORIGIN (RAM) + LENGTH (RAM))
                0x0000000000000200                _Min_Heap_Size = 0x200
                0x0000000000000400                _Min_Stack_Size = 0x400

.isr_vector     0x0000000008000000      0x188
                0x0000000008000000                . = ALIGN (0x4)
 *(.isr_vector)
 .isr_vector    0x0000000008000000      0x188 Core/Startup/startup_stm32f303k8tx.o
                0x0000000008000000                g_pfnVectors
                0x0000000008000188                . = ALIGN (0x4)

.text           0x0000000008000188     0x662c
                0x0000000008000188                . = ALIGN (0x4)
 *(.text)
 .text          0x0000000008000188       0x40 /opt/st/stm32cubeide_1.3.0/plugins/com.st.stm32cube.ide.mcu.externaltools.gnu-tools-for-stm32.7-2018-q2-update.linux64_1.0.0.201904181610/tools/bin/../lib/gcc/arm-none-eabi/7.3.1/thumb/v7e-m/fpv4-sp/hard/crtbegin.o
 .text          0x00000000080001c8       0x10 /opt/st/stm32cubeide_1.3.0/plugins/com.st.stm32cube.ide.mcu.externaltools.gnu-tools-for-stm32.7-2018-q2-update.linux64_1.0.0.201904181610/tools/bin/../lib/gcc/arm-none-eabi/7.3.1/../../../../arm-none-eabi/lib/thumb/v7e-m/fpv4-sp/hard/libc_nano.a(lib_a-strlen.o)
                0x00000000080001c8                strlen
 *(.text*)
 .text._ZN3ros16normalizeSecNSecERmS0_
                0x00000000080001d8       0x58 Core/Inc/time.o
                0x00000000080001d8                ros::normalizeSecNSec(unsigned long&, unsigned long&)
 .text.main     0x0000000008000230       0x2e Core/Src/main.o
                0x0000000008000230                main
 .text.SystemClock_Config
                0x000000000800025e       0x82 Core/Src/main.o
                0x000000000800025e                SystemClock_Config
 .text.MX_TIM2_Init
                0x00000000080002e0       0xa8 Core/Src/main.o
 .text.MX_TIM6_Init
                0x0000000008000388       0x6c Core/Src/main.o
 .text.MX_TIM16_Init
                0x00000000080003f4       0xf4 Core/Src/main.o
 .text.MX_USART2_UART_Init
                0x00000000080004e8       0x60 Core/Src/main.o
 .text.MX_DMA_Init
                0x0000000008000548       0x4c Core/Src/main.o
 .text.MX_GPIO_Init
                0x0000000008000594       0xcc Core/Src/main.o
 .text.Error_Handler
                0x0000000008000660        0xe Core/Src/main.o
                0x0000000008000660                Error_Handler
 .text._ZSt3absl
                0x000000000800066e       0x1c Core/Src/mainpp.o
                0x000000000800066e                std::abs(long)
 *fill*         0x000000000800068a        0x2 
 .text._ZN3ros3MsgC2Ev
                0x000000000800068c       0x20 Core/Src/mainpp.o
                0x000000000800068c                ros::Msg::Msg()
                0x000000000800068c                ros::Msg::Msg()
 .text._ZN8std_msgs5Int32C2Ev
                0x00000000080006ac       0x2c Core/Src/mainpp.o
                0x00000000080006ac                std_msgs::Int32::Int32()
                0x00000000080006ac                std_msgs::Int32::Int32()
 .text._ZNK8std_msgs5Int329serializeEPh
                0x00000000080006d8       0x64 Core/Src/mainpp.o
                0x00000000080006d8                std_msgs::Int32::serialize(unsigned char*) const
 .text._ZN8std_msgs5Int3211deserializeEPh
                0x000000000800073c       0x70 Core/Src/mainpp.o
                0x000000000800073c                std_msgs::Int32::deserialize(unsigned char*)
 .text._ZN8std_msgs5Int327getTypeEv
                0x00000000080007ac       0x1c Core/Src/mainpp.o
                0x00000000080007ac                std_msgs::Int32::getType()
 .text._ZN8std_msgs5Int326getMD5Ev
                0x00000000080007c8       0x1c Core/Src/mainpp.o
                0x00000000080007c8                std_msgs::Int32::getMD5()
 .text._ZN3ros4TimeC2Ev
                0x00000000080007e4       0x22 Core/Src/mainpp.o
                0x00000000080007e4                ros::Time::Time()
                0x00000000080007e4                ros::Time::Time()
 *fill*         0x0000000008000806        0x2 
 .text._ZN8std_msgs4TimeC2Ev
                0x0000000008000808       0x30 Core/Src/mainpp.o
                0x0000000008000808                std_msgs::Time::Time()
                0x0000000008000808                std_msgs::Time::Time()
 .text._ZNK8std_msgs4Time9serializeEPh
                0x0000000008000838       0xb0 Core/Src/mainpp.o
                0x0000000008000838                std_msgs::Time::serialize(unsigned char*) const
 .text._ZN8std_msgs4Time11deserializeEPh
                0x00000000080008e8       0xc8 Core/Src/mainpp.o
                0x00000000080008e8                std_msgs::Time::deserialize(unsigned char*)
 .text._ZN8std_msgs4Time7getTypeEv
                0x00000000080009b0       0x1c Core/Src/mainpp.o
                0x00000000080009b0                std_msgs::Time::getType()
 .text._ZN8std_msgs4Time6getMD5Ev
                0x00000000080009cc       0x1c Core/Src/mainpp.o
                0x00000000080009cc                std_msgs::Time::getMD5()
 .text._ZN14rosserial_msgs9TopicInfoC2Ev
                0x00000000080009e8       0x48 Core/Src/mainpp.o
                0x00000000080009e8                rosserial_msgs::TopicInfo::TopicInfo()
                0x00000000080009e8                rosserial_msgs::TopicInfo::TopicInfo()
 .text._ZNK14rosserial_msgs9TopicInfo9serializeEPh
                0x0000000008000a30      0x136 Core/Src/mainpp.o
                0x0000000008000a30                rosserial_msgs::TopicInfo::serialize(unsigned char*) const
 .text._ZN14rosserial_msgs9TopicInfo11deserializeEPh
                0x0000000008000b66      0x1d0 Core/Src/mainpp.o
                0x0000000008000b66                rosserial_msgs::TopicInfo::deserialize(unsigned char*)
 *fill*         0x0000000008000d36        0x2 
 .text._ZN14rosserial_msgs9TopicInfo7getTypeEv
                0x0000000008000d38       0x1c Core/Src/mainpp.o
                0x0000000008000d38                rosserial_msgs::TopicInfo::getType()
 .text._ZN14rosserial_msgs9TopicInfo6getMD5Ev
                0x0000000008000d54       0x1c Core/Src/mainpp.o
                0x0000000008000d54                rosserial_msgs::TopicInfo::getMD5()
 .text._ZN14rosserial_msgs3LogC2Ev
                0x0000000008000d70       0x34 Core/Src/mainpp.o
                0x0000000008000d70                rosserial_msgs::Log::Log()
                0x0000000008000d70                rosserial_msgs::Log::Log()
 .text._ZNK14rosserial_msgs3Log9serializeEPh
                0x0000000008000da4       0x64 Core/Src/mainpp.o
                0x0000000008000da4                rosserial_msgs::Log::serialize(unsigned char*) const
 .text._ZN14rosserial_msgs3Log11deserializeEPh
                0x0000000008000e08       0x90 Core/Src/mainpp.o
                0x0000000008000e08                rosserial_msgs::Log::deserialize(unsigned char*)
 .text._ZN14rosserial_msgs3Log7getTypeEv
                0x0000000008000e98       0x1c Core/Src/mainpp.o
                0x0000000008000e98                rosserial_msgs::Log::getType()
 .text._ZN14rosserial_msgs3Log6getMD5Ev
                0x0000000008000eb4       0x1c Core/Src/mainpp.o
                0x0000000008000eb4                rosserial_msgs::Log::getMD5()
 .text._ZN14rosserial_msgs20RequestParamResponseC2Ev
                0x0000000008000ed0       0x48 Core/Src/mainpp.o
                0x0000000008000ed0                rosserial_msgs::RequestParamResponse::RequestParamResponse()
                0x0000000008000ed0                rosserial_msgs::RequestParamResponse::RequestParamResponse()
 .text._ZNK14rosserial_msgs20RequestParamResponse9serializeEPh
                0x0000000008000f18      0x222 Core/Src/mainpp.o
                0x0000000008000f18                rosserial_msgs::RequestParamResponse::serialize(unsigned char*) const
 .text._ZN14rosserial_msgs20RequestParamResponse11deserializeEPh
                0x000000000800113a      0x2e2 Core/Src/mainpp.o
                0x000000000800113a                rosserial_msgs::RequestParamResponse::deserialize(unsigned char*)
 .text._ZN14rosserial_msgs20RequestParamResponse7getTypeEv
                0x000000000800141c       0x1c Core/Src/mainpp.o
                0x000000000800141c                rosserial_msgs::RequestParamResponse::getType()
 .text._ZN14rosserial_msgs20RequestParamResponse6getMD5Ev
                0x0000000008001438       0x1c Core/Src/mainpp.o
                0x0000000008001438                rosserial_msgs::RequestParamResponse::getMD5()
 .text._ZN3ros9PublisherC2EPKcPNS_3MsgEi
                0x0000000008001454       0x2e Core/Src/mainpp.o
                0x0000000008001454                ros::Publisher::Publisher(char const*, ros::Msg*, int)
                0x0000000008001454                ros::Publisher::Publisher(char const*, ros::Msg*, int)
 .text._ZN3ros9Publisher7publishEPKNS_3MsgE
                0x0000000008001482       0x28 Core/Src/mainpp.o
                0x0000000008001482                ros::Publisher::publish(ros::Msg const*)
 .text._ZN3ros9Publisher15getEndpointTypeEv
                0x00000000080014aa       0x18 Core/Src/mainpp.o
                0x00000000080014aa                ros::Publisher::getEndpointType()
 .text._ZN13STM32Hardware10getRdmaIndEv
                0x00000000080014c2       0x24 Core/Src/mainpp.o
                0x00000000080014c2                STM32Hardware::getRdmaInd()
 *fill*         0x00000000080014e6        0x2 
 .text._ZN13STM32HardwareC2Ev
                0x00000000080014e8       0x38 Core/Src/mainpp.o
                0x00000000080014e8                STM32Hardware::STM32Hardware()
                0x00000000080014e8                STM32Hardware::STM32Hardware()
 .text._ZN13STM32Hardware4initEv
                0x0000000008001520       0x16 Core/Src/mainpp.o
                0x0000000008001520                STM32Hardware::init()
 .text._ZN13STM32Hardware10reset_rbufEv
                0x0000000008001536       0x22 Core/Src/mainpp.o
                0x0000000008001536                STM32Hardware::reset_rbuf()
 .text._ZN13STM32Hardware4readEv
                0x0000000008001558       0x5a Core/Src/mainpp.o
                0x0000000008001558                STM32Hardware::read()
 *fill*         0x00000000080015b2        0x2 
 .text._ZN13STM32Hardware5flushEv
                0x00000000080015b4       0xb8 Core/Src/mainpp.o
                0x00000000080015b4                STM32Hardware::flush()
 .text._ZN13STM32Hardware5writeEPhi
                0x000000000800166c       0x8c Core/Src/mainpp.o
                0x000000000800166c                STM32Hardware::write(unsigned char*, int)
 .text._ZN13STM32Hardware4timeEv
                0x00000000080016f8       0x16 Core/Src/mainpp.o
                0x00000000080016f8                STM32Hardware::time()
 *fill*         0x000000000800170e        0x2 
 .text.HAL_UART_TxCpltCallback
                0x0000000008001710       0x24 Core/Src/mainpp.o
                0x0000000008001710                HAL_UART_TxCpltCallback
 .text.HAL_UART_RxCpltCallback
                0x0000000008001734       0x24 Core/Src/mainpp.o
                0x0000000008001734                HAL_UART_RxCpltCallback
 .text.read_position_cb
                0x0000000008001758       0x20 Core/Src/mainpp.o
                0x0000000008001758                read_position_cb
 .text.PID_position_control_cb
                0x0000000008001778       0xec Core/Src/mainpp.o
                0x0000000008001778                PID_position_control_cb
 .text.setup    0x0000000008001864       0x4c Core/Src/mainpp.o
                0x0000000008001864                setup
 .text.loop     0x00000000080018b0       0x34 Core/Src/mainpp.o
                0x00000000080018b0                loop
 .text._ZN3ros3Msg8varToArrIPhmEEvT_T0_
                0x00000000080018e4       0x3c Core/Src/mainpp.o
                0x00000000080018e4                void ros::Msg::varToArr<unsigned char*, unsigned long>(unsigned char*, unsigned long)
 .text._ZN3ros3Msg8arrToVarImPhEEvRT_T0_
                0x0000000008001920       0x4a Core/Src/mainpp.o
                0x0000000008001920                void ros::Msg::arrToVar<unsigned long, unsigned char*>(unsigned long&, unsigned char*)
 *fill*         0x000000000800196a        0x2 
 .text._ZN3ros15NodeHandleBase_C2Ev
                0x000000000800196c       0x20 Core/Src/mainpp.o
                0x000000000800196c                ros::NodeHandleBase_::NodeHandleBase_()
                0x000000000800196c                ros::NodeHandleBase_::NodeHandleBase_()
 .text._ZN3ros11NodeHandle_I13STM32HardwareLi25ELi25ELi512ELi512EEC2Ev
                0x000000000800198c      0x100 Core/Src/mainpp.o
                0x000000000800198c                ros::NodeHandle_<STM32Hardware, 25, 25, 512, 512>::NodeHandle_()
                0x000000000800198c                ros::NodeHandle_<STM32Hardware, 25, 25, 512, 512>::NodeHandle_()
 .text._ZN3ros11Subscriber_C2Ev
                0x0000000008001a8c       0x20 Core/Src/mainpp.o
                0x0000000008001a8c                ros::Subscriber_::Subscriber_()
                0x0000000008001a8c                ros::Subscriber_::Subscriber_()
 .text._ZN3ros10SubscriberIN8std_msgs5Int32EvEC2EPKcPFvRKS2_Ei
                0x0000000008001aac       0x48 Core/Src/mainpp.o
                0x0000000008001aac                ros::Subscriber<std_msgs::Int32, void>::Subscriber(char const*, void (*)(std_msgs::Int32 const&), int)
                0x0000000008001aac                ros::Subscriber<std_msgs::Int32, void>::Subscriber(char const*, void (*)(std_msgs::Int32 const&), int)
 .text._ZN3ros11NodeHandle_I13STM32HardwareLi25ELi25ELi512ELi512EE11getHardwareEv
                0x0000000008001af4       0x18 Core/Src/mainpp.o
                0x0000000008001af4                ros::NodeHandle_<STM32Hardware, 25, 25, 512, 512>::getHardware()
 .text._ZN3ros11NodeHandle_I13STM32HardwareLi25ELi25ELi512ELi512EE8initNodeEv
                0x0000000008001b0c       0x3a Core/Src/mainpp.o
                0x0000000008001b0c                ros::NodeHandle_<STM32Hardware, 25, 25, 512, 512>::initNode()
 .text._ZN3ros11NodeHandle_I13STM32HardwareLi25ELi25ELi512ELi512EE9advertiseERNS_9PublisherE
                0x0000000008001b46       0x60 Core/Src/mainpp.o
                0x0000000008001b46                ros::NodeHandle_<STM32Hardware, 25, 25, 512, 512>::advertise(ros::Publisher&)
 .text._ZN3ros11NodeHandle_I13STM32HardwareLi25ELi25ELi512ELi512EE9subscribeINS_10SubscriberIN8std_msgs5Int32EvEEEEbRT_
                0x0000000008001ba6       0x56 Core/Src/mainpp.o
                0x0000000008001ba6                bool ros::NodeHandle_<STM32Hardware, 25, 25, 512, 512>::subscribe<ros::Subscriber<std_msgs::Int32, void> >(ros::Subscriber<std_msgs::Int32, void>&)
 .text._ZN3ros11NodeHandle_I13STM32HardwareLi25ELi25ELi512ELi512EE8spinOnceEv
                0x0000000008001bfc      0x3b8 Core/Src/mainpp.o
                0x0000000008001bfc                ros::NodeHandle_<STM32Hardware, 25, 25, 512, 512>::spinOnce()
 .text._ZN3ros11NodeHandle_I13STM32HardwareLi25ELi25ELi512ELi512EE15requestSyncTimeEv
                0x0000000008001fb4       0x3c Core/Src/mainpp.o
                0x0000000008001fb4                ros::NodeHandle_<STM32Hardware, 25, 25, 512, 512>::requestSyncTime()
 .text._ZN3ros11NodeHandle_I13STM32HardwareLi25ELi25ELi512ELi512EE15negotiateTopicsEv
                0x0000000008001ff0      0x1be Core/Src/mainpp.o
                0x0000000008001ff0                ros::NodeHandle_<STM32Hardware, 25, 25, 512, 512>::negotiateTopics()
 *fill*         0x00000000080021ae        0x2 
 .text._ZN3ros11NodeHandle_I13STM32HardwareLi25ELi25ELi512ELi512EE8syncTimeEPh
                0x00000000080021b0       0x98 Core/Src/mainpp.o
                0x00000000080021b0                ros::NodeHandle_<STM32Hardware, 25, 25, 512, 512>::syncTime(unsigned char*)
 .text._ZN3ros11NodeHandle_I13STM32HardwareLi25ELi25ELi512ELi512EE7publishEiPKNS_3MsgE
                0x0000000008002248      0x124 Core/Src/mainpp.o
                0x0000000008002248                ros::NodeHandle_<STM32Hardware, 25, 25, 512, 512>::publish(int, ros::Msg const*)
 .text._ZN3ros11NodeHandle_I13STM32HardwareLi25ELi25ELi512ELi512EE6setNowERNS_4TimeE
                0x000000000800236c       0x80 Core/Src/mainpp.o
                0x000000000800236c                ros::NodeHandle_<STM32Hardware, 25, 25, 512, 512>::setNow(ros::Time&)
 .text._ZN3ros11NodeHandle_I13STM32HardwareLi25ELi25ELi512ELi512EE8logerrorEPKc
                0x00000000080023ec       0x1c Core/Src/mainpp.o
                0x00000000080023ec                ros::NodeHandle_<STM32Hardware, 25, 25, 512, 512>::logerror(char const*)
 .text._ZN3ros11NodeHandle_I13STM32HardwareLi25ELi25ELi512ELi512EE3logEcPKc
                0x0000000008002408       0x38 Core/Src/mainpp.o
                0x0000000008002408                ros::NodeHandle_<STM32Hardware, 25, 25, 512, 512>::log(char, char const*)
 .text._Z41__static_initialization_and_destruction_0ii
                0x0000000008002440       0x64 Core/Src/mainpp.o
 .text._ZN3ros10SubscriberIN8std_msgs5Int32EvE8callbackEPh
                0x00000000080024a4       0x2a Core/Src/mainpp.o
                0x00000000080024a4                ros::Subscriber<std_msgs::Int32, void>::callback(unsigned char*)
 .text._ZN3ros10SubscriberIN8std_msgs5Int32EvE15getEndpointTypeEv
                0x00000000080024ce       0x18 Core/Src/mainpp.o
                0x00000000080024ce                ros::Subscriber<std_msgs::Int32, void>::getEndpointType()
 .text._ZN3ros10SubscriberIN8std_msgs5Int32EvE10getMsgTypeEv
                0x00000000080024e6       0x1c Core/Src/mainpp.o
                0x00000000080024e6                ros::Subscriber<std_msgs::Int32, void>::getMsgType()
 .text._ZN3ros10SubscriberIN8std_msgs5Int32EvE9getMsgMD5Ev
                0x0000000008002502       0x1c Core/Src/mainpp.o
                0x0000000008002502                ros::Subscriber<std_msgs::Int32, void>::getMsgMD5()
 .text._ZN3ros11NodeHandle_I13STM32HardwareLi25ELi25ELi512ELi512EE9connectedEv
                0x000000000800251e       0x1a Core/Src/mainpp.o
                0x000000000800251e                ros::NodeHandle_<STM32Hardware, 25, 25, 512, 512>::connected()
 .text._GLOBAL__sub_I_nh
                0x0000000008002538       0x10 Core/Src/mainpp.o
 .text.HAL_MspInit
                0x0000000008002548       0x48 Core/Src/stm32f3xx_hal_msp.o
                0x0000000008002548                HAL_MspInit
 .text.HAL_TIM_Encoder_MspInit
                0x0000000008002590       0x80 Core/Src/stm32f3xx_hal_msp.o
                0x0000000008002590                HAL_TIM_Encoder_MspInit
 .text.HAL_TIM_Base_MspInit
                0x0000000008002610       0x74 Core/Src/stm32f3xx_hal_msp.o
                0x0000000008002610                HAL_TIM_Base_MspInit
 .text.HAL_TIM_MspPostInit
                0x0000000008002684       0x6c Core/Src/stm32f3xx_hal_msp.o
                0x0000000008002684                HAL_TIM_MspPostInit
 .text.HAL_UART_MspInit
                0x00000000080026f0      0x140 Core/Src/stm32f3xx_hal_msp.o
                0x00000000080026f0                HAL_UART_MspInit
 .text.NMI_Handler
                0x0000000008002830        0xe Core/Src/stm32f3xx_it.o
                0x0000000008002830                NMI_Handler
 .text.HardFault_Handler
                0x000000000800283e        0x6 Core/Src/stm32f3xx_it.o
                0x000000000800283e                HardFault_Handler
 .text.MemManage_Handler
                0x0000000008002844        0x6 Core/Src/stm32f3xx_it.o
                0x0000000008002844                MemManage_Handler
 .text.BusFault_Handler
                0x000000000800284a        0x6 Core/Src/stm32f3xx_it.o
                0x000000000800284a                BusFault_Handler
 .text.UsageFault_Handler
                0x0000000008002850        0x6 Core/Src/stm32f3xx_it.o
                0x0000000008002850                UsageFault_Handler
 .text.SVC_Handler
                0x0000000008002856        0xe Core/Src/stm32f3xx_it.o
                0x0000000008002856                SVC_Handler
 .text.DebugMon_Handler
                0x0000000008002864        0xe Core/Src/stm32f3xx_it.o
                0x0000000008002864                DebugMon_Handler
 .text.PendSV_Handler
                0x0000000008002872        0xe Core/Src/stm32f3xx_it.o
                0x0000000008002872                PendSV_Handler
 .text.SysTick_Handler
                0x0000000008002880        0xc Core/Src/stm32f3xx_it.o
                0x0000000008002880                SysTick_Handler
 .text.DMA1_Channel6_IRQHandler
                0x000000000800288c       0x14 Core/Src/stm32f3xx_it.o
                0x000000000800288c                DMA1_Channel6_IRQHandler
 .text.DMA1_Channel7_IRQHandler
                0x00000000080028a0       0x14 Core/Src/stm32f3xx_it.o
                0x00000000080028a0                DMA1_Channel7_IRQHandler
 .text.USART2_IRQHandler
                0x00000000080028b4       0x14 Core/Src/stm32f3xx_it.o
                0x00000000080028b4                USART2_IRQHandler
 .text.TIM6_DAC1_IRQHandler
                0x00000000080028c8       0x18 Core/Src/stm32f3xx_it.o
                0x00000000080028c8                TIM6_DAC1_IRQHandler
 .text._getpid  0x00000000080028e0       0x10 Core/Src/syscalls.o
                0x00000000080028e0                _getpid
 .text._kill    0x00000000080028f0       0x20 Core/Src/syscalls.o
                0x00000000080028f0                _kill
 .text._exit    0x0000000008002910       0x14 Core/Src/syscalls.o
                0x0000000008002910                _exit
 .text._sbrk    0x0000000008002924       0x58 Core/Src/sysmem.o
                0x0000000008002924                _sbrk
 .text.SystemInit
                0x000000000800297c       0x2c Core/Src/system_stm32f3xx.o
                0x000000000800297c                SystemInit
 .text.Reset_Handler
                0x00000000080029a8       0x50 Core/Startup/startup_stm32f303k8tx.o
                0x00000000080029a8                Reset_Handler
 .text.Default_Handler
                0x00000000080029f8        0x2 Core/Startup/startup_stm32f303k8tx.o
                0x00000000080029f8                RTC_Alarm_IRQHandler
                0x00000000080029f8                TIM1_CC_IRQHandler
                0x00000000080029f8                PVD_IRQHandler
                0x00000000080029f8                TAMP_STAMP_IRQHandler
                0x00000000080029f8                EXTI3_IRQHandler
                0x00000000080029f8                EXTI0_IRQHandler
                0x00000000080029f8                FPU_IRQHandler
                0x00000000080029f8                CAN_TX_IRQHandler
                0x00000000080029f8                TIM1_UP_TIM16_IRQHandler
                0x00000000080029f8                ADC1_2_IRQHandler
                0x00000000080029f8                SPI1_IRQHandler
                0x00000000080029f8                CAN_SCE_IRQHandler
                0x00000000080029f8                DMA1_Channel4_IRQHandler
                0x00000000080029f8                USART3_IRQHandler
                0x00000000080029f8                TIM7_DAC2_IRQHandler
                0x00000000080029f8                CAN_RX1_IRQHandler
                0x00000000080029f8                I2C1_EV_IRQHandler
                0x00000000080029f8                TIM3_IRQHandler
                0x00000000080029f8                RCC_IRQHandler
                0x00000000080029f8                DMA1_Channel1_IRQHandler
                0x00000000080029f8                Default_Handler
                0x00000000080029f8                EXTI15_10_IRQHandler
                0x00000000080029f8                COMP2_IRQHandler
                0x00000000080029f8                EXTI9_5_IRQHandler
                0x00000000080029f8                RTC_WKUP_IRQHandler
                0x00000000080029f8                DMA1_Channel5_IRQHandler
                0x00000000080029f8                EXTI4_IRQHandler
                0x00000000080029f8                TIM1_TRG_COM_TIM17_IRQHandler
                0x00000000080029f8                DMA1_Channel3_IRQHandler
                0x00000000080029f8                WWDG_IRQHandler
                0x00000000080029f8                TIM2_IRQHandler
                0x00000000080029f8                EXTI1_IRQHandler
                0x00000000080029f8                COMP4_6_IRQHandler
                0x00000000080029f8                DMA1_Channel2_IRQHandler
                0x00000000080029f8                FLASH_IRQHandler
                0x00000000080029f8                USART1_IRQHandler
                0x00000000080029f8                CAN_RX0_IRQHandler
                0x00000000080029f8                I2C1_ER_IRQHandler
                0x00000000080029f8                EXTI2_TSC_IRQHandler
                0x00000000080029f8                TIM1_BRK_TIM15_IRQHandler
 *fill*         0x00000000080029fa        0x2 
 .text.HAL_Init
                0x00000000080029fc       0x2c Drivers/STM32F3xx_HAL_Driver/Src/stm32f3xx_hal.o
                0x00000000080029fc                HAL_Init
 .text.HAL_InitTick
                0x0000000008002a28       0x60 Drivers/STM32F3xx_HAL_Driver/Src/stm32f3xx_hal.o
                0x0000000008002a28                HAL_InitTick
 .text.HAL_IncTick
                0x0000000008002a88       0x28 Drivers/STM32F3xx_HAL_Driver/Src/stm32f3xx_hal.o
                0x0000000008002a88                HAL_IncTick
 .text.HAL_GetTick
                0x0000000008002ab0       0x18 Drivers/STM32F3xx_HAL_Driver/Src/stm32f3xx_hal.o
                0x0000000008002ab0                HAL_GetTick
 .text.HAL_Delay
                0x0000000008002ac8       0x44 Drivers/STM32F3xx_HAL_Driver/Src/stm32f3xx_hal.o
                0x0000000008002ac8                HAL_Delay
 .text.__NVIC_SetPriorityGrouping
                0x0000000008002b0c       0x48 Drivers/STM32F3xx_HAL_Driver/Src/stm32f3xx_hal_cortex.o
 .text.__NVIC_GetPriorityGrouping
                0x0000000008002b54       0x1c Drivers/STM32F3xx_HAL_Driver/Src/stm32f3xx_hal_cortex.o
 .text.__NVIC_EnableIRQ
                0x0000000008002b70       0x3c Drivers/STM32F3xx_HAL_Driver/Src/stm32f3xx_hal_cortex.o
 .text.__NVIC_SetPriority
                0x0000000008002bac       0x54 Drivers/STM32F3xx_HAL_Driver/Src/stm32f3xx_hal_cortex.o
 .text.NVIC_EncodePriority
                0x0000000008002c00       0x66 Drivers/STM32F3xx_HAL_Driver/Src/stm32f3xx_hal_cortex.o
 *fill*         0x0000000008002c66        0x2 
 .text.SysTick_Config
                0x0000000008002c68       0x44 Drivers/STM32F3xx_HAL_Driver/Src/stm32f3xx_hal_cortex.o
 .text.HAL_NVIC_SetPriorityGrouping
                0x0000000008002cac       0x16 Drivers/STM32F3xx_HAL_Driver/Src/stm32f3xx_hal_cortex.o
                0x0000000008002cac                HAL_NVIC_SetPriorityGrouping
 .text.HAL_NVIC_SetPriority
                0x0000000008002cc2       0x38 Drivers/STM32F3xx_HAL_Driver/Src/stm32f3xx_hal_cortex.o
                0x0000000008002cc2                HAL_NVIC_SetPriority
 .text.HAL_NVIC_EnableIRQ
                0x0000000008002cfa       0x1c Drivers/STM32F3xx_HAL_Driver/Src/stm32f3xx_hal_cortex.o
                0x0000000008002cfa                HAL_NVIC_EnableIRQ
 .text.HAL_SYSTICK_Config
                0x0000000008002d16       0x18 Drivers/STM32F3xx_HAL_Driver/Src/stm32f3xx_hal_cortex.o
                0x0000000008002d16                HAL_SYSTICK_Config
 .text.HAL_DMA_Init
                0x0000000008002d2e       0x8e Drivers/STM32F3xx_HAL_Driver/Src/stm32f3xx_hal_dma.o
                0x0000000008002d2e                HAL_DMA_Init
 .text.HAL_DMA_Start_IT
                0x0000000008002dbc       0xbe Drivers/STM32F3xx_HAL_Driver/Src/stm32f3xx_hal_dma.o
                0x0000000008002dbc                HAL_DMA_Start_IT
 .text.HAL_DMA_Abort_IT
                0x0000000008002e7a       0x7c Drivers/STM32F3xx_HAL_Driver/Src/stm32f3xx_hal_dma.o
                0x0000000008002e7a                HAL_DMA_Abort_IT
 .text.HAL_DMA_IRQHandler
                0x0000000008002ef6      0x146 Drivers/STM32F3xx_HAL_Driver/Src/stm32f3xx_hal_dma.o
                0x0000000008002ef6                HAL_DMA_IRQHandler
 .text.DMA_SetConfig
                0x000000000800303c       0x5c Drivers/STM32F3xx_HAL_Driver/Src/stm32f3xx_hal_dma.o
 .text.DMA_CalcBaseAndBitshift
                0x0000000008003098       0x40 Drivers/STM32F3xx_HAL_Driver/Src/stm32f3xx_hal_dma.o
 .text.HAL_GPIO_Init
                0x00000000080030d8      0x2e4 Drivers/STM32F3xx_HAL_Driver/Src/stm32f3xx_hal_gpio.o
                0x00000000080030d8                HAL_GPIO_Init
 .text.HAL_GPIO_WritePin
                0x00000000080033bc       0x30 Drivers/STM32F3xx_HAL_Driver/Src/stm32f3xx_hal_gpio.o
                0x00000000080033bc                HAL_GPIO_WritePin
 .text.HAL_RCC_OscConfig
                0x00000000080033ec      0xe10 Drivers/STM32F3xx_HAL_Driver/Src/stm32f3xx_hal_rcc.o
                0x00000000080033ec                HAL_RCC_OscConfig
 .text.HAL_RCC_ClockConfig
                0x00000000080041fc      0x2f8 Drivers/STM32F3xx_HAL_Driver/Src/stm32f3xx_hal_rcc.o
                0x00000000080041fc                HAL_RCC_ClockConfig
 .text.HAL_RCC_GetSysClockFreq
                0x00000000080044f4       0xd4 Drivers/STM32F3xx_HAL_Driver/Src/stm32f3xx_hal_rcc.o
                0x00000000080044f4                HAL_RCC_GetSysClockFreq
 .text.HAL_RCC_GetHCLKFreq
                0x00000000080045c8       0x18 Drivers/STM32F3xx_HAL_Driver/Src/stm32f3xx_hal_rcc.o
                0x00000000080045c8                HAL_RCC_GetHCLKFreq
 .text.HAL_RCC_GetPCLK1Freq
                0x00000000080045e0       0x44 Drivers/STM32F3xx_HAL_Driver/Src/stm32f3xx_hal_rcc.o
                0x00000000080045e0                HAL_RCC_GetPCLK1Freq
 .text.HAL_RCC_GetPCLK2Freq
                0x0000000008004624       0x44 Drivers/STM32F3xx_HAL_Driver/Src/stm32f3xx_hal_rcc.o
                0x0000000008004624                HAL_RCC_GetPCLK2Freq
 .text.HAL_TIM_Base_Init
                0x0000000008004668       0x56 Drivers/STM32F3xx_HAL_Driver/Src/stm32f3xx_hal_tim.o
                0x0000000008004668                HAL_TIM_Base_Init
 *fill*         0x00000000080046be        0x2 
 .text.HAL_TIM_Base_Start_IT
                0x00000000080046c0       0x54 Drivers/STM32F3xx_HAL_Driver/Src/stm32f3xx_hal_tim.o
                0x00000000080046c0                HAL_TIM_Base_Start_IT
 .text.HAL_TIM_PWM_Init
                0x0000000008004714       0x56 Drivers/STM32F3xx_HAL_Driver/Src/stm32f3xx_hal_tim.o
                0x0000000008004714                HAL_TIM_PWM_Init
 .text.HAL_TIM_PWM_MspInit
                0x000000000800476a       0x14 Drivers/STM32F3xx_HAL_Driver/Src/stm32f3xx_hal_tim.o
                0x000000000800476a                HAL_TIM_PWM_MspInit
 *fill*         0x000000000800477e        0x2 
 .text.HAL_TIM_PWM_Start
                0x0000000008004780       0xa4 Drivers/STM32F3xx_HAL_Driver/Src/stm32f3xx_hal_tim.o
                0x0000000008004780                HAL_TIM_PWM_Start
 .text.HAL_TIM_Encoder_Init
                0x0000000008004824      0x124 Drivers/STM32F3xx_HAL_Driver/Src/stm32f3xx_hal_tim.o
                0x0000000008004824                HAL_TIM_Encoder_Init
 .text.HAL_TIM_Encoder_Start
                0x0000000008004948       0x6e Drivers/STM32F3xx_HAL_Driver/Src/stm32f3xx_hal_tim.o
                0x0000000008004948                HAL_TIM_Encoder_Start
 .text.HAL_TIM_IRQHandler
                0x00000000080049b6      0x23e Drivers/STM32F3xx_HAL_Driver/Src/stm32f3xx_hal_tim.o
                0x00000000080049b6                HAL_TIM_IRQHandler
 .text.HAL_TIM_PWM_ConfigChannel
                0x0000000008004bf4      0x230 Drivers/STM32F3xx_HAL_Driver/Src/stm32f3xx_hal_tim.o
                0x0000000008004bf4                HAL_TIM_PWM_ConfigChannel
 .text.HAL_TIM_PeriodElapsedCallback
                0x0000000008004e24       0x14 Drivers/STM32F3xx_HAL_Driver/Src/stm32f3xx_hal_tim.o
                0x0000000008004e24                HAL_TIM_PeriodElapsedCallback
 .text.HAL_TIM_OC_DelayElapsedCallback
                0x0000000008004e38       0x14 Drivers/STM32F3xx_HAL_Driver/Src/stm32f3xx_hal_tim.o
                0x0000000008004e38                HAL_TIM_OC_DelayElapsedCallback
 .text.HAL_TIM_IC_CaptureCallback
                0x0000000008004e4c       0x14 Drivers/STM32F3xx_HAL_Driver/Src/stm32f3xx_hal_tim.o
                0x0000000008004e4c                HAL_TIM_IC_CaptureCallback
 .text.HAL_TIM_PWM_PulseFinishedCallback
                0x0000000008004e60       0x14 Drivers/STM32F3xx_HAL_Driver/Src/stm32f3xx_hal_tim.o
                0x0000000008004e60                HAL_TIM_PWM_PulseFinishedCallback
 .text.HAL_TIM_TriggerCallback
                0x0000000008004e74       0x14 Drivers/STM32F3xx_HAL_Driver/Src/stm32f3xx_hal_tim.o
                0x0000000008004e74                HAL_TIM_TriggerCallback
 .text.TIM_Base_SetConfig
                0x0000000008004e88       0xf0 Drivers/STM32F3xx_HAL_Driver/Src/stm32f3xx_hal_tim.o
                0x0000000008004e88                TIM_Base_SetConfig
 .text.TIM_OC1_SetConfig
                0x0000000008004f78      0x10c Drivers/STM32F3xx_HAL_Driver/Src/stm32f3xx_hal_tim.o
 .text.TIM_OC2_SetConfig
                0x0000000008005084      0x100 Drivers/STM32F3xx_HAL_Driver/Src/stm32f3xx_hal_tim.o
                0x0000000008005084                TIM_OC2_SetConfig
 .text.TIM_OC3_SetConfig
                0x0000000008005184       0xfc Drivers/STM32F3xx_HAL_Driver/Src/stm32f3xx_hal_tim.o
 .text.TIM_OC4_SetConfig
                0x0000000008005280       0xc8 Drivers/STM32F3xx_HAL_Driver/Src/stm32f3xx_hal_tim.o
 .text.TIM_OC5_SetConfig
                0x0000000008005348       0xbc Drivers/STM32F3xx_HAL_Driver/Src/stm32f3xx_hal_tim.o
 .text.TIM_OC6_SetConfig
                0x0000000008005404       0xc0 Drivers/STM32F3xx_HAL_Driver/Src/stm32f3xx_hal_tim.o
 .text.TIM_CCxChannelCmd
                0x00000000080054c4       0x4a Drivers/STM32F3xx_HAL_Driver/Src/stm32f3xx_hal_tim.o
                0x00000000080054c4                TIM_CCxChannelCmd
 *fill*         0x000000000800550e        0x2 
 .text.HAL_TIMEx_MasterConfigSynchronization
                0x0000000008005510       0xdc Drivers/STM32F3xx_HAL_Driver/Src/stm32f3xx_hal_tim_ex.o
                0x0000000008005510                HAL_TIMEx_MasterConfigSynchronization
 .text.HAL_TIMEx_ConfigBreakDeadTime
                0x00000000080055ec       0xf0 Drivers/STM32F3xx_HAL_Driver/Src/stm32f3xx_hal_tim_ex.o
                0x00000000080055ec                HAL_TIMEx_ConfigBreakDeadTime
 .text.HAL_TIMEx_CommutCallback
                0x00000000080056dc       0x14 Drivers/STM32F3xx_HAL_Driver/Src/stm32f3xx_hal_tim_ex.o
                0x00000000080056dc                HAL_TIMEx_CommutCallback
 .text.HAL_TIMEx_BreakCallback
                0x00000000080056f0       0x14 Drivers/STM32F3xx_HAL_Driver/Src/stm32f3xx_hal_tim_ex.o
                0x00000000080056f0                HAL_TIMEx_BreakCallback
 .text.HAL_TIMEx_Break2Callback
                0x0000000008005704       0x14 Drivers/STM32F3xx_HAL_Driver/Src/stm32f3xx_hal_tim_ex.o
                0x0000000008005704                HAL_TIMEx_Break2Callback
 .text.HAL_UART_Init
                0x0000000008005718       0x9c Drivers/STM32F3xx_HAL_Driver/Src/stm32f3xx_hal_uart.o
                0x0000000008005718                HAL_UART_Init
 .text.HAL_UART_Transmit_DMA
                0x00000000080057b4       0xf8 Drivers/STM32F3xx_HAL_Driver/Src/stm32f3xx_hal_uart.o
                0x00000000080057b4                HAL_UART_Transmit_DMA
 .text.HAL_UART_Receive_DMA
                0x00000000080058ac      0x108 Drivers/STM32F3xx_HAL_Driver/Src/stm32f3xx_hal_uart.o
                0x00000000080058ac                HAL_UART_Receive_DMA
 .text.HAL_UART_IRQHandler
                0x00000000080059b4      0x28c Drivers/STM32F3xx_HAL_Driver/Src/stm32f3xx_hal_uart.o
                0x00000000080059b4                HAL_UART_IRQHandler
 .text.HAL_UART_TxHalfCpltCallback
                0x0000000008005c40       0x14 Drivers/STM32F3xx_HAL_Driver/Src/stm32f3xx_hal_uart.o
                0x0000000008005c40                HAL_UART_TxHalfCpltCallback
 .text.HAL_UART_RxHalfCpltCallback
                0x0000000008005c54       0x14 Drivers/STM32F3xx_HAL_Driver/Src/stm32f3xx_hal_uart.o
                0x0000000008005c54                HAL_UART_RxHalfCpltCallback
 .text.HAL_UART_ErrorCallback
                0x0000000008005c68       0x14 Drivers/STM32F3xx_HAL_Driver/Src/stm32f3xx_hal_uart.o
                0x0000000008005c68                HAL_UART_ErrorCallback
 .text.UART_SetConfig
                0x0000000008005c7c      0x304 Drivers/STM32F3xx_HAL_Driver/Src/stm32f3xx_hal_uart.o
                0x0000000008005c7c                UART_SetConfig
 .text.UART_AdvFeatureConfig
                0x0000000008005f80      0x144 Drivers/STM32F3xx_HAL_Driver/Src/stm32f3xx_hal_uart.o
                0x0000000008005f80                UART_AdvFeatureConfig
 .text.UART_CheckIdleState
                0x00000000080060c4       0x8a Drivers/STM32F3xx_HAL_Driver/Src/stm32f3xx_hal_uart.o
                0x00000000080060c4                UART_CheckIdleState
 .text.UART_WaitOnFlagUntilTimeout
                0x000000000800614e       0xf6 Drivers/STM32F3xx_HAL_Driver/Src/stm32f3xx_hal_uart.o
                0x000000000800614e                UART_WaitOnFlagUntilTimeout
 .text.UART_EndTxTransfer
                0x0000000008006244       0x2a Drivers/STM32F3xx_HAL_Driver/Src/stm32f3xx_hal_uart.o
 .text.UART_EndRxTransfer
                0x000000000800626e       0x40 Drivers/STM32F3xx_HAL_Driver/Src/stm32f3xx_hal_uart.o
 .text.UART_DMATransmitCplt
                0x00000000080062ae       0x4e Drivers/STM32F3xx_HAL_Driver/Src/stm32f3xx_hal_uart.o
 .text.UART_DMATxHalfCplt
                0x00000000080062fc       0x1c Drivers/STM32F3xx_HAL_Driver/Src/stm32f3xx_hal_uart.o
 .text.UART_DMAReceiveCplt
                0x0000000008006318       0x62 Drivers/STM32F3xx_HAL_Driver/Src/stm32f3xx_hal_uart.o
 .text.UART_DMARxHalfCplt
                0x000000000800637a       0x1c Drivers/STM32F3xx_HAL_Driver/Src/stm32f3xx_hal_uart.o
 .text.UART_DMAError
                0x0000000008006396       0x78 Drivers/STM32F3xx_HAL_Driver/Src/stm32f3xx_hal_uart.o
 .text.UART_DMAAbortOnError
                0x000000000800640e       0x2c Drivers/STM32F3xx_HAL_Driver/Src/stm32f3xx_hal_uart.o
 .text.UART_EndTransmit_IT
                0x000000000800643a       0x32 Drivers/STM32F3xx_HAL_Driver/Src/stm32f3xx_hal_uart.o
 .text.HAL_UARTEx_WakeupCallback
                0x000000000800646c       0x14 Drivers/STM32F3xx_HAL_Driver/Src/stm32f3xx_hal_uart_ex.o
                0x000000000800646c                HAL_UARTEx_WakeupCallback
 .text.__cxa_pure_virtual
                0x0000000008006480        0x6 /opt/st/stm32cubeide_1.3.0/plugins/com.st.stm32cube.ide.mcu.externaltools.gnu-tools-for-stm32.7-2018-q2-update.linux64_1.0.0.201904181610/tools/bin/../lib/gcc/arm-none-eabi/7.3.1/../../../../arm-none-eabi/lib/thumb/v7e-m/fpv4-sp/hard/libstdc++_nano.a(pure.o)
                0x0000000008006480                __cxa_pure_virtual
 .text._ZN10__cxxabiv111__terminateEPFvvE
                0x0000000008006486        0x8 /opt/st/stm32cubeide_1.3.0/plugins/com.st.stm32cube.ide.mcu.externaltools.gnu-tools-for-stm32.7-2018-q2-update.linux64_1.0.0.201904181610/tools/bin/../lib/gcc/arm-none-eabi/7.3.1/../../../../arm-none-eabi/lib/thumb/v7e-m/fpv4-sp/hard/libstdc++_nano.a(eh_terminate.o)
                0x0000000008006486                __cxxabiv1::__terminate(void (*)())
 *fill*         0x000000000800648e        0x2 
 .text._ZSt13get_terminatev
                0x0000000008006490       0x10 /opt/st/stm32cubeide_1.3.0/plugins/com.st.stm32cube.ide.mcu.externaltools.gnu-tools-for-stm32.7-2018-q2-update.linux64_1.0.0.201904181610/tools/bin/../lib/gcc/arm-none-eabi/7.3.1/../../../../arm-none-eabi/lib/thumb/v7e-m/fpv4-sp/hard/libstdc++_nano.a(eh_terminate.o)
                0x0000000008006490                std::get_terminate()
 .text._ZSt9terminatev
                0x00000000080064a0        0xa /opt/st/stm32cubeide_1.3.0/plugins/com.st.stm32cube.ide.mcu.externaltools.gnu-tools-for-stm32.7-2018-q2-update.linux64_1.0.0.201904181610/tools/bin/../lib/gcc/arm-none-eabi/7.3.1/../../../../arm-none-eabi/lib/thumb/v7e-m/fpv4-sp/hard/libstdc++_nano.a(eh_terminate.o)
                0x00000000080064a0                std::terminate()
 .text.abort    0x00000000080064aa        0xe /opt/st/stm32cubeide_1.3.0/plugins/com.st.stm32cube.ide.mcu.externaltools.gnu-tools-for-stm32.7-2018-q2-update.linux64_1.0.0.201904181610/tools/bin/../lib/gcc/arm-none-eabi/7.3.1/../../../../arm-none-eabi/lib/thumb/v7e-m/fpv4-sp/hard/libc_nano.a(lib_a-abort.o)
                0x00000000080064aa                abort
 .text.__errno  0x00000000080064b8        0xc /opt/st/stm32cubeide_1.3.0/plugins/com.st.stm32cube.ide.mcu.externaltools.gnu-tools-for-stm32.7-2018-q2-update.linux64_1.0.0.201904181610/tools/bin/../lib/gcc/arm-none-eabi/7.3.1/../../../../arm-none-eabi/lib/thumb/v7e-m/fpv4-sp/hard/libc_nano.a(lib_a-errno.o)
                0x00000000080064b8                __errno
 .text.__libc_init_array
                0x00000000080064c4       0x48 /opt/st/stm32cubeide_1.3.0/plugins/com.st.stm32cube.ide.mcu.externaltools.gnu-tools-for-stm32.7-2018-q2-update.linux64_1.0.0.201904181610/tools/bin/../lib/gcc/arm-none-eabi/7.3.1/../../../../arm-none-eabi/lib/thumb/v7e-m/fpv4-sp/hard/libc_nano.a(lib_a-init.o)
                0x00000000080064c4                __libc_init_array
 .text.memcpy   0x000000000800650c       0x16 /opt/st/stm32cubeide_1.3.0/plugins/com.st.stm32cube.ide.mcu.externaltools.gnu-tools-for-stm32.7-2018-q2-update.linux64_1.0.0.201904181610/tools/bin/../lib/gcc/arm-none-eabi/7.3.1/../../../../arm-none-eabi/lib/thumb/v7e-m/fpv4-sp/hard/libc_nano.a(lib_a-memcpy-stub.o)
                0x000000000800650c                memcpy
 .text.memset   0x0000000008006522       0x10 /opt/st/stm32cubeide_1.3.0/plugins/com.st.stm32cube.ide.mcu.externaltools.gnu-tools-for-stm32.7-2018-q2-update.linux64_1.0.0.201904181610/tools/bin/../lib/gcc/arm-none-eabi/7.3.1/../../../../arm-none-eabi/lib/thumb/v7e-m/fpv4-sp/hard/libc_nano.a(lib_a-memset.o)
                0x0000000008006522                memset
 *fill*         0x0000000008006532        0x2 
 .text.realloc  0x0000000008006534       0x10 /opt/st/stm32cubeide_1.3.0/plugins/com.st.stm32cube.ide.mcu.externaltools.gnu-tools-for-stm32.7-2018-q2-update.linux64_1.0.0.201904181610/tools/bin/../lib/gcc/arm-none-eabi/7.3.1/../../../../arm-none-eabi/lib/thumb/v7e-m/fpv4-sp/hard/libc_nano.a(lib_a-realloc.o)
                0x0000000008006534                realloc
 .text._raise_r
                0x0000000008006544       0x50 /opt/st/stm32cubeide_1.3.0/plugins/com.st.stm32cube.ide.mcu.externaltools.gnu-tools-for-stm32.7-2018-q2-update.linux64_1.0.0.201904181610/tools/bin/../lib/gcc/arm-none-eabi/7.3.1/../../../../arm-none-eabi/lib/thumb/v7e-m/fpv4-sp/hard/libc_nano.a(lib_a-signal.o)
                0x0000000008006544                _raise_r
 .text.raise    0x0000000008006594       0x10 /opt/st/stm32cubeide_1.3.0/plugins/com.st.stm32cube.ide.mcu.externaltools.gnu-tools-for-stm32.7-2018-q2-update.linux64_1.0.0.201904181610/tools/bin/../lib/gcc/arm-none-eabi/7.3.1/../../../../arm-none-eabi/lib/thumb/v7e-m/fpv4-sp/hard/libc_nano.a(lib_a-signal.o)
                0x0000000008006594                raise
 .text._kill_r  0x00000000080065a4       0x24 /opt/st/stm32cubeide_1.3.0/plugins/com.st.stm32cube.ide.mcu.externaltools.gnu-tools-for-stm32.7-2018-q2-update.linux64_1.0.0.201904181610/tools/bin/../lib/gcc/arm-none-eabi/7.3.1/../../../../arm-none-eabi/lib/thumb/v7e-m/fpv4-sp/hard/libc_nano.a(lib_a-signalr.o)
                0x00000000080065a4                _kill_r
 .text._getpid_r
                0x00000000080065c8        0x4 /opt/st/stm32cubeide_1.3.0/plugins/com.st.stm32cube.ide.mcu.externaltools.gnu-tools-for-stm32.7-2018-q2-update.linux64_1.0.0.201904181610/tools/bin/../lib/gcc/arm-none-eabi/7.3.1/../../../../arm-none-eabi/lib/thumb/v7e-m/fpv4-sp/hard/libc_nano.a(lib_a-signalr.o)
                0x00000000080065c8                _getpid_r
 .text._malloc_r
                0x00000000080065cc       0xb4 /opt/st/stm32cubeide_1.3.0/plugins/com.st.stm32cube.ide.mcu.externaltools.gnu-tools-for-stm32.7-2018-q2-update.linux64_1.0.0.201904181610/tools/bin/../lib/gcc/arm-none-eabi/7.3.1/../../../../arm-none-eabi/lib/thumb/v7e-m/fpv4-sp/hard/libc_nano.a(lib_a-nano-mallocr.o)
                0x00000000080065cc                _malloc_r
 .text._realloc_r
                0x0000000008006680       0x4c /opt/st/stm32cubeide_1.3.0/plugins/com.st.stm32cube.ide.mcu.externaltools.gnu-tools-for-stm32.7-2018-q2-update.linux64_1.0.0.201904181610/tools/bin/../lib/gcc/arm-none-eabi/7.3.1/../../../../arm-none-eabi/lib/thumb/v7e-m/fpv4-sp/hard/libc_nano.a(lib_a-nano-reallocr.o)
                0x0000000008006680                _realloc_r
 .text._sbrk_r  0x00000000080066cc       0x20 /opt/st/stm32cubeide_1.3.0/plugins/com.st.stm32cube.ide.mcu.externaltools.gnu-tools-for-stm32.7-2018-q2-update.linux64_1.0.0.201904181610/tools/bin/../lib/gcc/arm-none-eabi/7.3.1/../../../../arm-none-eabi/lib/thumb/v7e-m/fpv4-sp/hard/libc_nano.a(lib_a-sbrkr.o)
                0x00000000080066cc                _sbrk_r
 .text.__malloc_lock
                0x00000000080066ec        0x2 /opt/st/stm32cubeide_1.3.0/plugins/com.st.stm32cube.ide.mcu.externaltools.gnu-tools-for-stm32.7-2018-q2-update.linux64_1.0.0.201904181610/tools/bin/../lib/gcc/arm-none-eabi/7.3.1/../../../../arm-none-eabi/lib/thumb/v7e-m/fpv4-sp/hard/libc_nano.a(lib_a-mlock.o)
                0x00000000080066ec                __malloc_lock
 .text.__malloc_unlock
                0x00000000080066ee        0x2 /opt/st/stm32cubeide_1.3.0/plugins/com.st.stm32cube.ide.mcu.externaltools.gnu-tools-for-stm32.7-2018-q2-update.linux64_1.0.0.201904181610/tools/bin/../lib/gcc/arm-none-eabi/7.3.1/../../../../arm-none-eabi/lib/thumb/v7e-m/fpv4-sp/hard/libc_nano.a(lib_a-mlock.o)
                0x00000000080066ee                __malloc_unlock
 .text._free_r  0x00000000080066f0       0x9c /opt/st/stm32cubeide_1.3.0/plugins/com.st.stm32cube.ide.mcu.externaltools.gnu-tools-for-stm32.7-2018-q2-update.linux64_1.0.0.201904181610/tools/bin/../lib/gcc/arm-none-eabi/7.3.1/../../../../arm-none-eabi/lib/thumb/v7e-m/fpv4-sp/hard/libc_nano.a(lib_a-nano-freer.o)
                0x00000000080066f0                _free_r
 .text._malloc_usable_size_r
                0x000000000800678c       0x10 /opt/st/stm32cubeide_1.3.0/plugins/com.st.stm32cube.ide.mcu.externaltools.gnu-tools-for-stm32.7-2018-q2-update.linux64_1.0.0.201904181610/tools/bin/../lib/gcc/arm-none-eabi/7.3.1/../../../../arm-none-eabi/lib/thumb/v7e-m/fpv4-sp/hard/libc_nano.a(lib_a-nano-msizer.o)
                0x000000000800678c                _malloc_usable_size_r
 *(.glue_7)
 .glue_7        0x000000000800679c        0x0 linker stubs
 *(.glue_7t)
 .glue_7t       0x000000000800679c        0x0 linker stubs
 *(.eh_frame)
 .eh_frame      0x000000000800679c        0x0 /opt/st/stm32cubeide_1.3.0/plugins/com.st.stm32cube.ide.mcu.externaltools.gnu-tools-for-stm32.7-2018-q2-update.linux64_1.0.0.201904181610/tools/bin/../lib/gcc/arm-none-eabi/7.3.1/thumb/v7e-m/fpv4-sp/hard/crtbegin.o
 *(.init)
 .init          0x000000000800679c        0x4 /opt/st/stm32cubeide_1.3.0/plugins/com.st.stm32cube.ide.mcu.externaltools.gnu-tools-for-stm32.7-2018-q2-update.linux64_1.0.0.201904181610/tools/bin/../lib/gcc/arm-none-eabi/7.3.1/thumb/v7e-m/fpv4-sp/hard/crti.o
                0x000000000800679c                _init
 .init          0x00000000080067a0        0x8 /opt/st/stm32cubeide_1.3.0/plugins/com.st.stm32cube.ide.mcu.externaltools.gnu-tools-for-stm32.7-2018-q2-update.linux64_1.0.0.201904181610/tools/bin/../lib/gcc/arm-none-eabi/7.3.1/thumb/v7e-m/fpv4-sp/hard/crtn.o
 *(.fini)
 .fini          0x00000000080067a8        0x4 /opt/st/stm32cubeide_1.3.0/plugins/com.st.stm32cube.ide.mcu.externaltools.gnu-tools-for-stm32.7-2018-q2-update.linux64_1.0.0.201904181610/tools/bin/../lib/gcc/arm-none-eabi/7.3.1/thumb/v7e-m/fpv4-sp/hard/crti.o
                0x00000000080067a8                _fini
 .fini          0x00000000080067ac        0x8 /opt/st/stm32cubeide_1.3.0/plugins/com.st.stm32cube.ide.mcu.externaltools.gnu-tools-for-stm32.7-2018-q2-update.linux64_1.0.0.201904181610/tools/bin/../lib/gcc/arm-none-eabi/7.3.1/thumb/v7e-m/fpv4-sp/hard/crtn.o
                0x00000000080067b4                . = ALIGN (0x4)
                0x00000000080067b4                _etext = .

.vfp11_veneer   0x00000000080067b4        0x0
 .vfp11_veneer  0x00000000080067b4        0x0 linker stubs

.v4_bx          0x00000000080067b4        0x0
 .v4_bx         0x00000000080067b4        0x0 linker stubs

.iplt           0x00000000080067b4        0x0
 .iplt          0x00000000080067b4        0x0 /opt/st/stm32cubeide_1.3.0/plugins/com.st.stm32cube.ide.mcu.externaltools.gnu-tools-for-stm32.7-2018-q2-update.linux64_1.0.0.201904181610/tools/bin/../lib/gcc/arm-none-eabi/7.3.1/thumb/v7e-m/fpv4-sp/hard/crtbegin.o

.rodata         0x00000000080067b4      0x294
                0x00000000080067b4                . = ALIGN (0x4)
 *(.rodata)
 .rodata        0x00000000080067b4      0x156 Core/Src/mainpp.o
 *(.rodata*)
 *fill*         0x000000000800690a        0x2 
 .rodata._ZN14rosserial_msgsL12REQUESTPARAME
                0x000000000800690c       0x1c Core/Src/mainpp.o
 .rodata._ZTVN3ros10SubscriberIN8std_msgs5Int32EvEE
                0x0000000008006928       0x18 Core/Src/mainpp.o
                0x0000000008006928                vtable for ros::Subscriber<std_msgs::Int32, void>
 .rodata._ZTVN3ros11NodeHandle_I13STM32HardwareLi25ELi25ELi512ELi512EEE
                0x0000000008006940       0x14 Core/Src/mainpp.o
                0x0000000008006940                vtable for ros::NodeHandle_<STM32Hardware, 25, 25, 512, 512>
 .rodata._ZTVN3ros11Subscriber_E
                0x0000000008006954       0x18 Core/Src/mainpp.o
                0x0000000008006954                vtable for ros::Subscriber_
 .rodata._ZTVN3ros15NodeHandleBase_E
                0x000000000800696c       0x14 Core/Src/mainpp.o
                0x000000000800696c                vtable for ros::NodeHandleBase_
 .rodata._ZTVN14rosserial_msgs20RequestParamResponseE
                0x0000000008006980       0x18 Core/Src/mainpp.o
                0x0000000008006980                vtable for rosserial_msgs::RequestParamResponse
 .rodata._ZTVN14rosserial_msgs3LogE
                0x0000000008006998       0x18 Core/Src/mainpp.o
                0x0000000008006998                vtable for rosserial_msgs::Log
 .rodata._ZTVN14rosserial_msgs9TopicInfoE
                0x00000000080069b0       0x18 Core/Src/mainpp.o
                0x00000000080069b0                vtable for rosserial_msgs::TopicInfo
 .rodata._ZTVN8std_msgs4TimeE
                0x00000000080069c8       0x18 Core/Src/mainpp.o
                0x00000000080069c8                vtable for std_msgs::Time
 .rodata._ZTVN8std_msgs5Int32E
                0x00000000080069e0       0x18 Core/Src/mainpp.o
                0x00000000080069e0                vtable for std_msgs::Int32
 .rodata._ZTVN3ros3MsgE
                0x00000000080069f8       0x18 Core/Src/mainpp.o
                0x00000000080069f8                vtable for ros::Msg
 .rodata.AHBPrescTable
                0x0000000008006a10       0x10 Core/Src/system_stm32f3xx.o
                0x0000000008006a10                AHBPrescTable
 .rodata.APBPrescTable
                0x0000000008006a20        0x8 Core/Src/system_stm32f3xx.o
                0x0000000008006a20                APBPrescTable
 .rodata.aPLLMULFactorTable
                0x0000000008006a28       0x10 Drivers/STM32F3xx_HAL_Driver/Src/stm32f3xx_hal_rcc.o
                0x0000000008006a28                aPLLMULFactorTable
 .rodata.aPredivFactorTable
                0x0000000008006a38       0x10 Drivers/STM32F3xx_HAL_Driver/Src/stm32f3xx_hal_rcc.o
                0x0000000008006a38                aPredivFactorTable
                0x0000000008006a48                . = ALIGN (0x4)

.rel.dyn        0x0000000008006a48        0x0
 .rel.iplt      0x0000000008006a48        0x0 /opt/st/stm32cubeide_1.3.0/plugins/com.st.stm32cube.ide.mcu.externaltools.gnu-tools-for-stm32.7-2018-q2-update.linux64_1.0.0.201904181610/tools/bin/../lib/gcc/arm-none-eabi/7.3.1/thumb/v7e-m/fpv4-sp/hard/crtbegin.o

.ARM.extab      0x0000000008006a48        0x0
                0x0000000008006a48                . = ALIGN (0x4)
 *(.ARM.extab* .gnu.linkonce.armextab.*)
                0x0000000008006a48                . = ALIGN (0x4)

.ARM            0x0000000008006a48        0x0
                0x0000000008006a48                . = ALIGN (0x4)
                0x0000000008006a48                __exidx_start = .
 *(.ARM.exidx*)
                0x0000000008006a48                __exidx_end = .
                0x0000000008006a48                . = ALIGN (0x4)

.preinit_array  0x0000000008006a48        0x0
                0x0000000008006a48                . = ALIGN (0x4)
                0x0000000008006a48                PROVIDE (__preinit_array_start = .)
 *(.preinit_array*)
                0x0000000008006a48                PROVIDE (__preinit_array_end = .)
                0x0000000008006a48                . = ALIGN (0x4)

.init_array     0x0000000008006a48        0x8
                0x0000000008006a48                . = ALIGN (0x4)
                0x0000000008006a48                PROVIDE (__init_array_start = .)
 *(SORT_BY_NAME(.init_array.*))
 *(.init_array*)
 .init_array    0x0000000008006a48        0x4 /opt/st/stm32cubeide_1.3.0/plugins/com.st.stm32cube.ide.mcu.externaltools.gnu-tools-for-stm32.7-2018-q2-update.linux64_1.0.0.201904181610/tools/bin/../lib/gcc/arm-none-eabi/7.3.1/thumb/v7e-m/fpv4-sp/hard/crtbegin.o
 .init_array    0x0000000008006a4c        0x4 Core/Src/mainpp.o
                0x0000000008006a50                PROVIDE (__init_array_end = .)
                0x0000000008006a50                . = ALIGN (0x4)

.fini_array     0x0000000008006a50        0x4
                0x0000000008006a50                . = ALIGN (0x4)
                [!provide]                        PROVIDE (__fini_array_start = .)
 *(SORT_BY_NAME(.fini_array.*))
 *(.fini_array*)
 .fini_array    0x0000000008006a50        0x4 /opt/st/stm32cubeide_1.3.0/plugins/com.st.stm32cube.ide.mcu.externaltools.gnu-tools-for-stm32.7-2018-q2-update.linux64_1.0.0.201904181610/tools/bin/../lib/gcc/arm-none-eabi/7.3.1/thumb/v7e-m/fpv4-sp/hard/crtbegin.o
                [!provide]                        PROVIDE (__fini_array_end = .)
                0x0000000008006a54                . = ALIGN (0x4)
                0x0000000008006a54                _sidata = LOADADDR (.data)

.data           0x0000000020000000       0x78 load address 0x0000000008006a54
                0x0000000020000000                . = ALIGN (0x4)
                0x0000000020000000                _sdata = .
 *(.data)
 *(.data*)
 .data.Kp       0x0000000020000000        0x4 Core/Src/mainpp.o
                0x0000000020000000                Kp
 .data.SystemCoreClock
                0x0000000020000004        0x4 Core/Src/system_stm32f3xx.o
                0x0000000020000004                SystemCoreClock
 .data.uwTickPrio
                0x0000000020000008        0x4 Drivers/STM32F3xx_HAL_Driver/Src/stm32f3xx_hal.o
                0x0000000020000008                uwTickPrio
 .data.uwTickFreq
                0x000000002000000c        0x1 Drivers/STM32F3xx_HAL_Driver/Src/stm32f3xx_hal.o
                0x000000002000000c                uwTickFreq
 *fill*         0x000000002000000d        0x3 
 .data._ZN10__cxxabiv119__terminate_handlerE
                0x0000000020000010        0x4 /opt/st/stm32cubeide_1.3.0/plugins/com.st.stm32cube.ide.mcu.externaltools.gnu-tools-for-stm32.7-2018-q2-update.linux64_1.0.0.201904181610/tools/bin/../lib/gcc/arm-none-eabi/7.3.1/../../../../arm-none-eabi/lib/thumb/v7e-m/fpv4-sp/hard/libstdc++_nano.a(eh_term_handler.o)
                0x0000000020000010                __cxxabiv1::__terminate_handler
 .data._impure_ptr
                0x0000000020000014        0x4 /opt/st/stm32cubeide_1.3.0/plugins/com.st.stm32cube.ide.mcu.externaltools.gnu-tools-for-stm32.7-2018-q2-update.linux64_1.0.0.201904181610/tools/bin/../lib/gcc/arm-none-eabi/7.3.1/../../../../arm-none-eabi/lib/thumb/v7e-m/fpv4-sp/hard/libc_nano.a(lib_a-impure.o)
                0x0000000020000014                _impure_ptr
 .data.impure_data
                0x0000000020000018       0x60 /opt/st/stm32cubeide_1.3.0/plugins/com.st.stm32cube.ide.mcu.externaltools.gnu-tools-for-stm32.7-2018-q2-update.linux64_1.0.0.201904181610/tools/bin/../lib/gcc/arm-none-eabi/7.3.1/../../../../arm-none-eabi/lib/thumb/v7e-m/fpv4-sp/hard/libc_nano.a(lib_a-impure.o)
                0x0000000020000078                . = ALIGN (0x4)
                0x0000000020000078                _edata = .

.igot.plt       0x0000000020000078        0x0 load address 0x0000000008006acc
 .igot.plt      0x0000000020000078        0x0 /opt/st/stm32cubeide_1.3.0/plugins/com.st.stm32cube.ide.mcu.externaltools.gnu-tools-for-stm32.7-2018-q2-update.linux64_1.0.0.201904181610/tools/bin/../lib/gcc/arm-none-eabi/7.3.1/thumb/v7e-m/fpv4-sp/hard/crtbegin.o
                0x0000000020000078                . = ALIGN (0x4)

.bss            0x0000000020000078      0xb84 load address 0x0000000008006acc
                0x0000000020000078                _sbss = .
                0x0000000020000078                __bss_start__ = _sbss
 *(.bss)
 .bss           0x0000000020000078       0x1c /opt/st/stm32cubeide_1.3.0/plugins/com.st.stm32cube.ide.mcu.externaltools.gnu-tools-for-stm32.7-2018-q2-update.linux64_1.0.0.201904181610/tools/bin/../lib/gcc/arm-none-eabi/7.3.1/thumb/v7e-m/fpv4-sp/hard/crtbegin.o
 *(.bss*)
 .bss._ZZN13STM32Hardware5flushEvE5mutex
                0x0000000020000094        0x1 Core/Src/mainpp.o
                0x0000000020000094                STM32Hardware::flush()::mutex
 *fill*         0x0000000020000095        0x3 
 .bss.nh        0x0000000020000098      0x93c Core/Src/mainpp.o
                0x0000000020000098                nh
 .bss.error_angle
                0x00000000200009d4        0x4 Core/Src/mainpp.o
                0x00000000200009d4                error_angle
 .bss.error_angle_sum
                0x00000000200009d8        0x4 Core/Src/mainpp.o
                0x00000000200009d8                error_angle_sum
 .bss.desired_position
                0x00000000200009dc        0x4 Core/Src/mainpp.o
                0x00000000200009dc                desired_position
 .bss.Ki        0x00000000200009e0        0x4 Core/Src/mainpp.o
                0x00000000200009e0                Ki
 .bss.Kd        0x00000000200009e4        0x4 Core/Src/mainpp.o
                0x00000000200009e4                Kd
 .bss.position_subscriber
                0x00000000200009e8       0x1c Core/Src/mainpp.o
                0x00000000200009e8                position_subscriber
 .bss.error_msg
                0x0000000020000a04        0x8 Core/Src/mainpp.o
                0x0000000020000a04                error_msg
 .bss.error_publisher
                0x0000000020000a0c       0x14 Core/Src/mainpp.o
                0x0000000020000a0c                error_publisher
 .bss.heap_end.6424
                0x0000000020000a20        0x4 Core/Src/sysmem.o
 .bss.__malloc_free_list
                0x0000000020000a24        0x4 /opt/st/stm32cubeide_1.3.0/plugins/com.st.stm32cube.ide.mcu.externaltools.gnu-tools-for-stm32.7-2018-q2-update.linux64_1.0.0.201904181610/tools/bin/../lib/gcc/arm-none-eabi/7.3.1/../../../../arm-none-eabi/lib/thumb/v7e-m/fpv4-sp/hard/libc_nano.a(lib_a-nano-mallocr.o)
                0x0000000020000a24                __malloc_free_list
 .bss.__malloc_sbrk_start
                0x0000000020000a28        0x4 /opt/st/stm32cubeide_1.3.0/plugins/com.st.stm32cube.ide.mcu.externaltools.gnu-tools-for-stm32.7-2018-q2-update.linux64_1.0.0.201904181610/tools/bin/../lib/gcc/arm-none-eabi/7.3.1/../../../../arm-none-eabi/lib/thumb/v7e-m/fpv4-sp/hard/libc_nano.a(lib_a-nano-mallocr.o)
                0x0000000020000a28                __malloc_sbrk_start
 *(COMMON)
 COMMON         0x0000000020000a2c      0x1c8 Core/Src/main.o
                0x0000000020000a2c                hdma_usart2_rx
                0x0000000020000a70                hdma_usart2_tx
                0x0000000020000ab4                htim6
                0x0000000020000af4                htim2
                0x0000000020000b34                huart2
                0x0000000020000bb4                htim16
 COMMON         0x0000000020000bf4        0x4 Drivers/STM32F3xx_HAL_Driver/Src/stm32f3xx_hal.o
                0x0000000020000bf4                uwTick
 COMMON         0x0000000020000bf8        0x4 /opt/st/stm32cubeide_1.3.0/plugins/com.st.stm32cube.ide.mcu.externaltools.gnu-tools-for-stm32.7-2018-q2-update.linux64_1.0.0.201904181610/tools/bin/../lib/gcc/arm-none-eabi/7.3.1/../../../../arm-none-eabi/lib/thumb/v7e-m/fpv4-sp/hard/libc_nano.a(lib_a-reent.o)
                0x0000000020000bf8                errno
                0x0000000020000bfc                . = ALIGN (0x4)
                0x0000000020000bfc                _ebss = .
                0x0000000020000bfc                __bss_end__ = _ebss

._user_heap_stack
                0x0000000020000bfc      0x604 load address 0x0000000008006acc
                0x0000000020000c00                . = ALIGN (0x8)
 *fill*         0x0000000020000bfc        0x4 
                0x0000000020000c00                PROVIDE (end = .)
                [!provide]                        PROVIDE (_end = .)
                0x0000000020000e00                . = (. + _Min_Heap_Size)
 *fill*         0x0000000020000c00      0x200 
                0x0000000020001200                . = (. + _Min_Stack_Size)
 *fill*         0x0000000020000e00      0x400 
                0x0000000020001200                . = ALIGN (0x8)

/DISCARD/
 libc.a(*)
 libm.a(*)
 libgcc.a(*)

.ARM.attributes
                0x0000000000000000       0x30
 *(.ARM.attributes)
 .ARM.attributes
                0x0000000000000000       0x22 /opt/st/stm32cubeide_1.3.0/plugins/com.st.stm32cube.ide.mcu.externaltools.gnu-tools-for-stm32.7-2018-q2-update.linux64_1.0.0.201904181610/tools/bin/../lib/gcc/arm-none-eabi/7.3.1/thumb/v7e-m/fpv4-sp/hard/crti.o
 .ARM.attributes
                0x0000000000000022       0x34 /opt/st/stm32cubeide_1.3.0/plugins/com.st.stm32cube.ide.mcu.externaltools.gnu-tools-for-stm32.7-2018-q2-update.linux64_1.0.0.201904181610/tools/bin/../lib/gcc/arm-none-eabi/7.3.1/thumb/v7e-m/fpv4-sp/hard/crtbegin.o
 .ARM.attributes
                0x0000000000000056       0x39 Core/Inc/time.o
 .ARM.attributes
                0x000000000000008f       0x39 Core/Src/main.o
 .ARM.attributes
                0x00000000000000c8       0x39 Core/Src/mainpp.o
 .ARM.attributes
                0x0000000000000101       0x39 Core/Src/stm32f3xx_hal_msp.o
 .ARM.attributes
                0x000000000000013a       0x39 Core/Src/stm32f3xx_it.o
 .ARM.attributes
                0x0000000000000173       0x39 Core/Src/syscalls.o
 .ARM.attributes
                0x00000000000001ac       0x39 Core/Src/sysmem.o
 .ARM.attributes
                0x00000000000001e5       0x39 Core/Src/system_stm32f3xx.o
 .ARM.attributes
                0x000000000000021e       0x21 Core/Startup/startup_stm32f303k8tx.o
 .ARM.attributes
                0x000000000000023f       0x39 Drivers/STM32F3xx_HAL_Driver/Src/stm32f3xx_hal.o
 .ARM.attributes
                0x0000000000000278       0x39 Drivers/STM32F3xx_HAL_Driver/Src/stm32f3xx_hal_cortex.o
 .ARM.attributes
                0x00000000000002b1       0x39 Drivers/STM32F3xx_HAL_Driver/Src/stm32f3xx_hal_dma.o
 .ARM.attributes
                0x00000000000002ea       0x39 Drivers/STM32F3xx_HAL_Driver/Src/stm32f3xx_hal_gpio.o
 .ARM.attributes
                0x0000000000000323       0x39 Drivers/STM32F3xx_HAL_Driver/Src/stm32f3xx_hal_rcc.o
 .ARM.attributes
                0x000000000000035c       0x39 Drivers/STM32F3xx_HAL_Driver/Src/stm32f3xx_hal_tim.o
 .ARM.attributes
                0x0000000000000395       0x39 Drivers/STM32F3xx_HAL_Driver/Src/stm32f3xx_hal_tim_ex.o
 .ARM.attributes
                0x00000000000003ce       0x39 Drivers/STM32F3xx_HAL_Driver/Src/stm32f3xx_hal_uart.o
 .ARM.attributes
                0x0000000000000407       0x39 Drivers/STM32F3xx_HAL_Driver/Src/stm32f3xx_hal_uart_ex.o
 .ARM.attributes
                0x0000000000000440       0x34 /opt/st/stm32cubeide_1.3.0/plugins/com.st.stm32cube.ide.mcu.externaltools.gnu-tools-for-stm32.7-2018-q2-update.linux64_1.0.0.201904181610/tools/bin/../lib/gcc/arm-none-eabi/7.3.1/../../../../arm-none-eabi/lib/thumb/v7e-m/fpv4-sp/hard/libstdc++_nano.a(pure.o)
 .ARM.attributes
                0x0000000000000474       0x34 /opt/st/stm32cubeide_1.3.0/plugins/com.st.stm32cube.ide.mcu.externaltools.gnu-tools-for-stm32.7-2018-q2-update.linux64_1.0.0.201904181610/tools/bin/../lib/gcc/arm-none-eabi/7.3.1/../../../../arm-none-eabi/lib/thumb/v7e-m/fpv4-sp/hard/libstdc++_nano.a(eh_terminate.o)
 .ARM.attributes
                0x00000000000004a8       0x34 /opt/st/stm32cubeide_1.3.0/plugins/com.st.stm32cube.ide.mcu.externaltools.gnu-tools-for-stm32.7-2018-q2-update.linux64_1.0.0.201904181610/tools/bin/../lib/gcc/arm-none-eabi/7.3.1/../../../../arm-none-eabi/lib/thumb/v7e-m/fpv4-sp/hard/libstdc++_nano.a(eh_term_handler.o)
 .ARM.attributes
                0x00000000000004dc       0x34 /opt/st/stm32cubeide_1.3.0/plugins/com.st.stm32cube.ide.mcu.externaltools.gnu-tools-for-stm32.7-2018-q2-update.linux64_1.0.0.201904181610/tools/bin/../lib/gcc/arm-none-eabi/7.3.1/../../../../arm-none-eabi/lib/thumb/v7e-m/fpv4-sp/hard/libc_nano.a(lib_a-abort.o)
 .ARM.attributes
                0x0000000000000510       0x34 /opt/st/stm32cubeide_1.3.0/plugins/com.st.stm32cube.ide.mcu.externaltools.gnu-tools-for-stm32.7-2018-q2-update.linux64_1.0.0.201904181610/tools/bin/../lib/gcc/arm-none-eabi/7.3.1/../../../../arm-none-eabi/lib/thumb/v7e-m/fpv4-sp/hard/libc_nano.a(lib_a-errno.o)
 .ARM.attributes
                0x0000000000000544       0x34 /opt/st/stm32cubeide_1.3.0/plugins/com.st.stm32cube.ide.mcu.externaltools.gnu-tools-for-stm32.7-2018-q2-update.linux64_1.0.0.201904181610/tools/bin/../lib/gcc/arm-none-eabi/7.3.1/../../../../arm-none-eabi/lib/thumb/v7e-m/fpv4-sp/hard/libc_nano.a(lib_a-impure.o)
 .ARM.attributes
                0x0000000000000578       0x34 /opt/st/stm32cubeide_1.3.0/plugins/com.st.stm32cube.ide.mcu.externaltools.gnu-tools-for-stm32.7-2018-q2-update.linux64_1.0.0.201904181610/tools/bin/../lib/gcc/arm-none-eabi/7.3.1/../../../../arm-none-eabi/lib/thumb/v7e-m/fpv4-sp/hard/libc_nano.a(lib_a-init.o)
 .ARM.attributes
                0x00000000000005ac       0x34 /opt/st/stm32cubeide_1.3.0/plugins/com.st.stm32cube.ide.mcu.externaltools.gnu-tools-for-stm32.7-2018-q2-update.linux64_1.0.0.201904181610/tools/bin/../lib/gcc/arm-none-eabi/7.3.1/../../../../arm-none-eabi/lib/thumb/v7e-m/fpv4-sp/hard/libc_nano.a(lib_a-memcpy-stub.o)
 .ARM.attributes
                0x00000000000005e0       0x34 /opt/st/stm32cubeide_1.3.0/plugins/com.st.stm32cube.ide.mcu.externaltools.gnu-tools-for-stm32.7-2018-q2-update.linux64_1.0.0.201904181610/tools/bin/../lib/gcc/arm-none-eabi/7.3.1/../../../../arm-none-eabi/lib/thumb/v7e-m/fpv4-sp/hard/libc_nano.a(lib_a-memset.o)
 .ARM.attributes
                0x0000000000000614       0x34 /opt/st/stm32cubeide_1.3.0/plugins/com.st.stm32cube.ide.mcu.externaltools.gnu-tools-for-stm32.7-2018-q2-update.linux64_1.0.0.201904181610/tools/bin/../lib/gcc/arm-none-eabi/7.3.1/../../../../arm-none-eabi/lib/thumb/v7e-m/fpv4-sp/hard/libc_nano.a(lib_a-realloc.o)
 .ARM.attributes
                0x0000000000000648       0x34 /opt/st/stm32cubeide_1.3.0/plugins/com.st.stm32cube.ide.mcu.externaltools.gnu-tools-for-stm32.7-2018-q2-update.linux64_1.0.0.201904181610/tools/bin/../lib/gcc/arm-none-eabi/7.3.1/../../../../arm-none-eabi/lib/thumb/v7e-m/fpv4-sp/hard/libc_nano.a(lib_a-signal.o)
 .ARM.attributes
                0x000000000000067c       0x34 /opt/st/stm32cubeide_1.3.0/plugins/com.st.stm32cube.ide.mcu.externaltools.gnu-tools-for-stm32.7-2018-q2-update.linux64_1.0.0.201904181610/tools/bin/../lib/gcc/arm-none-eabi/7.3.1/../../../../arm-none-eabi/lib/thumb/v7e-m/fpv4-sp/hard/libc_nano.a(lib_a-signalr.o)
 .ARM.attributes
                0x00000000000006b0       0x1b /opt/st/stm32cubeide_1.3.0/plugins/com.st.stm32cube.ide.mcu.externaltools.gnu-tools-for-stm32.7-2018-q2-update.linux64_1.0.0.201904181610/tools/bin/../lib/gcc/arm-none-eabi/7.3.1/../../../../arm-none-eabi/lib/thumb/v7e-m/fpv4-sp/hard/libc_nano.a(lib_a-strlen.o)
 .ARM.attributes
                0x00000000000006cb       0x34 /opt/st/stm32cubeide_1.3.0/plugins/com.st.stm32cube.ide.mcu.externaltools.gnu-tools-for-stm32.7-2018-q2-update.linux64_1.0.0.201904181610/tools/bin/../lib/gcc/arm-none-eabi/7.3.1/../../../../arm-none-eabi/lib/thumb/v7e-m/fpv4-sp/hard/libc_nano.a(lib_a-nano-mallocr.o)
 .ARM.attributes
                0x00000000000006ff       0x34 /opt/st/stm32cubeide_1.3.0/plugins/com.st.stm32cube.ide.mcu.externaltools.gnu-tools-for-stm32.7-2018-q2-update.linux64_1.0.0.201904181610/tools/bin/../lib/gcc/arm-none-eabi/7.3.1/../../../../arm-none-eabi/lib/thumb/v7e-m/fpv4-sp/hard/libc_nano.a(lib_a-nano-reallocr.o)
 .ARM.attributes
                0x0000000000000733       0x34 /opt/st/stm32cubeide_1.3.0/plugins/com.st.stm32cube.ide.mcu.externaltools.gnu-tools-for-stm32.7-2018-q2-update.linux64_1.0.0.201904181610/tools/bin/../lib/gcc/arm-none-eabi/7.3.1/../../../../arm-none-eabi/lib/thumb/v7e-m/fpv4-sp/hard/libc_nano.a(lib_a-reent.o)
 .ARM.attributes
                0x0000000000000767       0x34 /opt/st/stm32cubeide_1.3.0/plugins/com.st.stm32cube.ide.mcu.externaltools.gnu-tools-for-stm32.7-2018-q2-update.linux64_1.0.0.201904181610/tools/bin/../lib/gcc/arm-none-eabi/7.3.1/../../../../arm-none-eabi/lib/thumb/v7e-m/fpv4-sp/hard/libc_nano.a(lib_a-sbrkr.o)
 .ARM.attributes
                0x000000000000079b       0x34 /opt/st/stm32cubeide_1.3.0/plugins/com.st.stm32cube.ide.mcu.externaltools.gnu-tools-for-stm32.7-2018-q2-update.linux64_1.0.0.201904181610/tools/bin/../lib/gcc/arm-none-eabi/7.3.1/../../../../arm-none-eabi/lib/thumb/v7e-m/fpv4-sp/hard/libc_nano.a(lib_a-mlock.o)
 .ARM.attributes
                0x00000000000007cf       0x34 /opt/st/stm32cubeide_1.3.0/plugins/com.st.stm32cube.ide.mcu.externaltools.gnu-tools-for-stm32.7-2018-q2-update.linux64_1.0.0.201904181610/tools/bin/../lib/gcc/arm-none-eabi/7.3.1/../../../../arm-none-eabi/lib/thumb/v7e-m/fpv4-sp/hard/libc_nano.a(lib_a-nano-freer.o)
 .ARM.attributes
                0x0000000000000803       0x34 /opt/st/stm32cubeide_1.3.0/plugins/com.st.stm32cube.ide.mcu.externaltools.gnu-tools-for-stm32.7-2018-q2-update.linux64_1.0.0.201904181610/tools/bin/../lib/gcc/arm-none-eabi/7.3.1/../../../../arm-none-eabi/lib/thumb/v7e-m/fpv4-sp/hard/libc_nano.a(lib_a-nano-msizer.o)
 .ARM.attributes
                0x0000000000000837       0x22 /opt/st/stm32cubeide_1.3.0/plugins/com.st.stm32cube.ide.mcu.externaltools.gnu-tools-for-stm32.7-2018-q2-update.linux64_1.0.0.201904181610/tools/bin/../lib/gcc/arm-none-eabi/7.3.1/thumb/v7e-m/fpv4-sp/hard/crtn.o
OUTPUT(ROS_Position_Control.elf elf32-littlearm)

.debug_info     0x0000000000000000    0x13b62
 .debug_info    0x0000000000000000     0x13e9 Core/Inc/time.o
 .debug_info    0x00000000000013e9     0x1166 Core/Src/main.o
 .debug_info    0x000000000000254f     0x5069 Core/Src/mainpp.o
 .debug_info    0x00000000000075b8      0xe8f Core/Src/stm32f3xx_hal_msp.o
 .debug_info    0x0000000000008447      0xa3d Core/Src/stm32f3xx_it.o
 .debug_info    0x0000000000008e84      0xebd Core/Src/syscalls.o
 .debug_info    0x0000000000009d41      0x91c Core/Src/sysmem.o
 .debug_info    0x000000000000a65d      0x45c Core/Src/system_stm32f3xx.o
 .debug_info    0x000000000000aab9       0x22 Core/Startup/startup_stm32f303k8tx.o
 .debug_info    0x000000000000aadb      0x758 Drivers/STM32F3xx_HAL_Driver/Src/stm32f3xx_hal.o
 .debug_info    0x000000000000b233      0xb54 Drivers/STM32F3xx_HAL_Driver/Src/stm32f3xx_hal_cortex.o
 .debug_info    0x000000000000bd87      0x7cb Drivers/STM32F3xx_HAL_Driver/Src/stm32f3xx_hal_dma.o
 .debug_info    0x000000000000c552      0x7b2 Drivers/STM32F3xx_HAL_Driver/Src/stm32f3xx_hal_gpio.o
 .debug_info    0x000000000000cd04     0x180f Drivers/STM32F3xx_HAL_Driver/Src/stm32f3xx_hal_rcc.o
 .debug_info    0x000000000000e513     0x2648 Drivers/STM32F3xx_HAL_Driver/Src/stm32f3xx_hal_tim.o
 .debug_info    0x0000000000010b5b     0x11d7 Drivers/STM32F3xx_HAL_Driver/Src/stm32f3xx_hal_tim_ex.o
 .debug_info    0x0000000000011d32     0x1592 Drivers/STM32F3xx_HAL_Driver/Src/stm32f3xx_hal_uart.o
 .debug_info    0x00000000000132c4      0x89e Drivers/STM32F3xx_HAL_Driver/Src/stm32f3xx_hal_uart_ex.o

.debug_abbrev   0x0000000000000000     0x29a9
 .debug_abbrev  0x0000000000000000      0x353 Core/Inc/time.o
 .debug_abbrev  0x0000000000000353      0x240 Core/Src/main.o
 .debug_abbrev  0x0000000000000593      0x83a Core/Src/mainpp.o
 .debug_abbrev  0x0000000000000dcd      0x1de Core/Src/stm32f3xx_hal_msp.o
 .debug_abbrev  0x0000000000000fab      0x18a Core/Src/stm32f3xx_it.o
 .debug_abbrev  0x0000000000001135      0x261 Core/Src/syscalls.o
 .debug_abbrev  0x0000000000001396      0x1bb Core/Src/sysmem.o
 .debug_abbrev  0x0000000000001551      0x12b Core/Src/system_stm32f3xx.o
 .debug_abbrev  0x000000000000167c       0x12 Core/Startup/startup_stm32f303k8tx.o
 .debug_abbrev  0x000000000000168e      0x1c7 Drivers/STM32F3xx_HAL_Driver/Src/stm32f3xx_hal.o
 .debug_abbrev  0x0000000000001855      0x2d5 Drivers/STM32F3xx_HAL_Driver/Src/stm32f3xx_hal_cortex.o
 .debug_abbrev  0x0000000000001b2a      0x1fe Drivers/STM32F3xx_HAL_Driver/Src/stm32f3xx_hal_dma.o
 .debug_abbrev  0x0000000000001d28      0x1c0 Drivers/STM32F3xx_HAL_Driver/Src/stm32f3xx_hal_gpio.o
 .debug_abbrev  0x0000000000001ee8      0x28c Drivers/STM32F3xx_HAL_Driver/Src/stm32f3xx_hal_rcc.o
 .debug_abbrev  0x0000000000002174      0x230 Drivers/STM32F3xx_HAL_Driver/Src/stm32f3xx_hal_tim.o
 .debug_abbrev  0x00000000000023a4      0x21e Drivers/STM32F3xx_HAL_Driver/Src/stm32f3xx_hal_tim_ex.o
 .debug_abbrev  0x00000000000025c2      0x205 Drivers/STM32F3xx_HAL_Driver/Src/stm32f3xx_hal_uart.o
 .debug_abbrev  0x00000000000027c7      0x1e2 Drivers/STM32F3xx_HAL_Driver/Src/stm32f3xx_hal_uart_ex.o

.debug_aranges  0x0000000000000000      0xfa0
 .debug_aranges
                0x0000000000000000       0x38 Core/Inc/time.o
 .debug_aranges
                0x0000000000000038       0x60 Core/Src/main.o
 .debug_aranges
                0x0000000000000098      0x248 Core/Src/mainpp.o
 .debug_aranges
                0x00000000000002e0       0x58 Core/Src/stm32f3xx_hal_msp.o
 .debug_aranges
                0x0000000000000338       0x80 Core/Src/stm32f3xx_it.o
 .debug_aranges
                0x00000000000003b8       0xa8 Core/Src/syscalls.o
 .debug_aranges
                0x0000000000000460       0x20 Core/Src/sysmem.o
 .debug_aranges
                0x0000000000000480       0x28 Core/Src/system_stm32f3xx.o
 .debug_aranges
                0x00000000000004a8       0x28 Core/Startup/startup_stm32f303k8tx.o
 .debug_aranges
                0x00000000000004d0       0xe0 Drivers/STM32F3xx_HAL_Driver/Src/stm32f3xx_hal.o
 .debug_aranges
                0x00000000000005b0      0x100 Drivers/STM32F3xx_HAL_Driver/Src/stm32f3xx_hal_cortex.o
 .debug_aranges
                0x00000000000006b0       0x88 Drivers/STM32F3xx_HAL_Driver/Src/stm32f3xx_hal_dma.o
 .debug_aranges
                0x0000000000000738       0x58 Drivers/STM32F3xx_HAL_Driver/Src/stm32f3xx_hal_gpio.o
 .debug_aranges
                0x0000000000000790       0x88 Drivers/STM32F3xx_HAL_Driver/Src/stm32f3xx_hal_rcc.o
 .debug_aranges
                0x0000000000000818      0x3c8 Drivers/STM32F3xx_HAL_Driver/Src/stm32f3xx_hal_tim.o
 .debug_aranges
                0x0000000000000be0      0x160 Drivers/STM32F3xx_HAL_Driver/Src/stm32f3xx_hal_tim_ex.o
 .debug_aranges
                0x0000000000000d40      0x210 Drivers/STM32F3xx_HAL_Driver/Src/stm32f3xx_hal_uart.o
 .debug_aranges
                0x0000000000000f50       0x50 Drivers/STM32F3xx_HAL_Driver/Src/stm32f3xx_hal_uart_ex.o

.debug_ranges   0x0000000000000000      0xea0
 .debug_ranges  0x0000000000000000       0x28 Core/Inc/time.o
 .debug_ranges  0x0000000000000028       0x50 Core/Src/main.o
 .debug_ranges  0x0000000000000078      0x250 Core/Src/mainpp.o
 .debug_ranges  0x00000000000002c8       0x48 Core/Src/stm32f3xx_hal_msp.o
 .debug_ranges  0x0000000000000310       0x70 Core/Src/stm32f3xx_it.o
 .debug_ranges  0x0000000000000380       0x98 Core/Src/syscalls.o
 .debug_ranges  0x0000000000000418       0x10 Core/Src/sysmem.o
 .debug_ranges  0x0000000000000428       0x18 Core/Src/system_stm32f3xx.o
 .debug_ranges  0x0000000000000440       0x20 Core/Startup/startup_stm32f303k8tx.o
 .debug_ranges  0x0000000000000460       0xd0 Drivers/STM32F3xx_HAL_Driver/Src/stm32f3xx_hal.o
 .debug_ranges  0x0000000000000530       0xf0 Drivers/STM32F3xx_HAL_Driver/Src/stm32f3xx_hal_cortex.o
 .debug_ranges  0x0000000000000620       0x78 Drivers/STM32F3xx_HAL_Driver/Src/stm32f3xx_hal_dma.o
 .debug_ranges  0x0000000000000698       0x48 Drivers/STM32F3xx_HAL_Driver/Src/stm32f3xx_hal_gpio.o
 .debug_ranges  0x00000000000006e0       0x78 Drivers/STM32F3xx_HAL_Driver/Src/stm32f3xx_hal_rcc.o
 .debug_ranges  0x0000000000000758      0x3b8 Drivers/STM32F3xx_HAL_Driver/Src/stm32f3xx_hal_tim.o
 .debug_ranges  0x0000000000000b10      0x150 Drivers/STM32F3xx_HAL_Driver/Src/stm32f3xx_hal_tim_ex.o
 .debug_ranges  0x0000000000000c60      0x200 Drivers/STM32F3xx_HAL_Driver/Src/stm32f3xx_hal_uart.o
 .debug_ranges  0x0000000000000e60       0x40 Drivers/STM32F3xx_HAL_Driver/Src/stm32f3xx_hal_uart_ex.o

.debug_macro    0x0000000000000000    0x19de4
 .debug_macro   0x0000000000000000      0x1b4 Core/Inc/time.o
 .debug_macro   0x00000000000001b4      0x1cc Core/Src/main.o
 .debug_macro   0x0000000000000380      0xa5a Core/Src/main.o
 .debug_macro   0x0000000000000dda      0x157 Core/Src/main.o
 .debug_macro   0x0000000000000f31       0x2e Core/Src/main.o
 .debug_macro   0x0000000000000f5f       0x28 Core/Src/main.o
 .debug_macro   0x0000000000000f87       0x8e Core/Src/main.o
 .debug_macro   0x0000000000001015       0x51 Core/Src/main.o
 .debug_macro   0x0000000000001066       0x1c Core/Src/main.o
 .debug_macro   0x0000000000001082       0x22 Core/Src/main.o
 .debug_macro   0x00000000000010a4       0xdf Core/Src/main.o
 .debug_macro   0x0000000000001183      0xf07 Core/Src/main.o
 .debug_macro   0x000000000000208a    0x10bd9 Core/Src/main.o
 .debug_macro   0x0000000000012c63       0x43 Core/Src/main.o
 .debug_macro   0x0000000000012ca6      0x174 Core/Src/main.o
 .debug_macro   0x0000000000012e1a       0x53 Core/Src/main.o
 .debug_macro   0x0000000000012e6d      0x8f9 Core/Src/main.o
 .debug_macro   0x0000000000013766      0x304 Core/Src/main.o
 .debug_macro   0x0000000000013a6a      0x12f Core/Src/main.o
 .debug_macro   0x0000000000013b99      0x11b Core/Src/main.o
 .debug_macro   0x0000000000013cb4      0x1d5 Core/Src/main.o
 .debug_macro   0x0000000000013e89      0x1bc Core/Src/main.o
 .debug_macro   0x0000000000014045       0x34 Core/Src/main.o
 .debug_macro   0x0000000000014079       0x3c Core/Src/main.o
 .debug_macro   0x00000000000140b5       0x57 Core/Src/main.o
 .debug_macro   0x000000000001410c       0xc5 Core/Src/main.o
 .debug_macro   0x00000000000141d1      0x19f Core/Src/main.o
 .debug_macro   0x0000000000014370      0x22c Core/Src/main.o
 .debug_macro   0x000000000001459c       0x58 Core/Src/main.o
 .debug_macro   0x00000000000145f4       0xa5 Core/Src/main.o
 .debug_macro   0x0000000000014699       0x81 Core/Src/main.o
 .debug_macro   0x000000000001471a       0xd3 Core/Src/main.o
 .debug_macro   0x00000000000147ed      0x9e9 Core/Src/main.o
 .debug_macro   0x00000000000151d6       0x59 Core/Src/main.o
 .debug_macro   0x000000000001522f      0x589 Core/Src/main.o
 .debug_macro   0x00000000000157b8       0x44 Core/Src/main.o
 .debug_macro   0x00000000000157fc      0x285 Core/Src/main.o
 .debug_macro   0x0000000000015a81       0x40 Core/Src/main.o
 .debug_macro   0x0000000000015ac1      0x3ff Core/Src/mainpp.o
 .debug_macro   0x0000000000015ec0       0x46 Core/Src/mainpp.o
 .debug_macro   0x0000000000015f06       0x10 Core/Src/mainpp.o
 .debug_macro   0x0000000000015f16       0x20 Core/Src/mainpp.o
 .debug_macro   0x0000000000015f36       0x10 Core/Src/mainpp.o
 .debug_macro   0x0000000000015f46       0x1c Core/Src/mainpp.o
 .debug_macro   0x0000000000015f62       0xde Core/Src/mainpp.o
 .debug_macro   0x0000000000016040      0x3cd Core/Src/mainpp.o
 .debug_macro   0x000000000001640d       0x10 Core/Src/mainpp.o
 .debug_macro   0x000000000001641d       0xd9 Core/Src/mainpp.o
 .debug_macro   0x00000000000164f6      0xf07 Core/Src/mainpp.o
 .debug_macro   0x00000000000173fd       0x4d Core/Src/mainpp.o
 .debug_macro   0x000000000001744a      0x1cc Core/Src/stm32f3xx_hal_msp.o
 .debug_macro   0x0000000000017616      0x1d6 Core/Src/stm32f3xx_it.o
 .debug_macro   0x00000000000177ec      0x243 Core/Src/syscalls.o
 .debug_macro   0x0000000000017a2f       0x34 Core/Src/syscalls.o
 .debug_macro   0x0000000000017a63      0x330 Core/Src/syscalls.o
 .debug_macro   0x0000000000017d93       0x43 Core/Src/syscalls.o
 .debug_macro   0x0000000000017dd6       0x10 Core/Src/syscalls.o
 .debug_macro   0x0000000000017de6       0x35 Core/Src/syscalls.o
 .debug_macro   0x0000000000017e1b       0x10 Core/Src/syscalls.o
 .debug_macro   0x0000000000017e2b       0x10 Core/Src/syscalls.o
 .debug_macro   0x0000000000017e3b       0x10 Core/Src/syscalls.o
 .debug_macro   0x0000000000017e4b       0x1c Core/Src/syscalls.o
 .debug_macro   0x0000000000017e67       0x52 Core/Src/syscalls.o
 .debug_macro   0x0000000000017eb9       0x40 Core/Src/syscalls.o
 .debug_macro   0x0000000000017ef9       0x10 Core/Src/syscalls.o
 .debug_macro   0x0000000000017f09       0x40 Core/Src/syscalls.o
 .debug_macro   0x0000000000017f49       0xd7 Core/Src/syscalls.o
 .debug_macro   0x0000000000018020       0x1c Core/Src/syscalls.o
 .debug_macro   0x000000000001803c       0x3d Core/Src/syscalls.o
 .debug_macro   0x0000000000018079       0x35 Core/Src/syscalls.o
 .debug_macro   0x00000000000180ae      0x122 Core/Src/syscalls.o
 .debug_macro   0x00000000000181d0       0x10 Core/Src/syscalls.o
 .debug_macro   0x00000000000181e0      0x241 Core/Src/syscalls.o
 .debug_macro   0x0000000000018421       0x1c Core/Src/syscalls.o
 .debug_macro   0x000000000001843d       0x10 Core/Src/syscalls.o
 .debug_macro   0x000000000001844d       0x10 Core/Src/syscalls.o
 .debug_macro   0x000000000001845d       0x16 Core/Src/syscalls.o
 .debug_macro   0x0000000000018473      0x145 Core/Src/syscalls.o
 .debug_macro   0x00000000000185b8      0x189 Core/Src/syscalls.o
 .debug_macro   0x0000000000018741       0x16 Core/Src/syscalls.o
 .debug_macro   0x0000000000018757       0x88 Core/Src/syscalls.o
 .debug_macro   0x00000000000187df      0x1ae Core/Src/sysmem.o
 .debug_macro   0x000000000001898d      0x23b Core/Src/sysmem.o
 .debug_macro   0x0000000000018bc8       0x16 Core/Src/sysmem.o
 .debug_macro   0x0000000000018bde      0x1c3 Core/Src/system_stm32f3xx.o
 .debug_macro   0x0000000000018da1      0x1e1 Drivers/STM32F3xx_HAL_Driver/Src/stm32f3xx_hal.o
 .debug_macro   0x0000000000018f82      0x1bd Drivers/STM32F3xx_HAL_Driver/Src/stm32f3xx_hal_cortex.o
 .debug_macro   0x000000000001913f      0x1bd Drivers/STM32F3xx_HAL_Driver/Src/stm32f3xx_hal_dma.o
 .debug_macro   0x00000000000192fc      0x1f5 Drivers/STM32F3xx_HAL_Driver/Src/stm32f3xx_hal_gpio.o
 .debug_macro   0x00000000000194f1      0x1e1 Drivers/STM32F3xx_HAL_Driver/Src/stm32f3xx_hal_rcc.o
 .debug_macro   0x00000000000196d2      0x1be Drivers/STM32F3xx_HAL_Driver/Src/stm32f3xx_hal_tim.o
 .debug_macro   0x0000000000019890      0x1bd Drivers/STM32F3xx_HAL_Driver/Src/stm32f3xx_hal_tim_ex.o
 .debug_macro   0x0000000000019a4d      0x1da Drivers/STM32F3xx_HAL_Driver/Src/stm32f3xx_hal_uart.o
 .debug_macro   0x0000000000019c27      0x1bd Drivers/STM32F3xx_HAL_Driver/Src/stm32f3xx_hal_uart_ex.o

.debug_line     0x0000000000000000     0xb7be
 .debug_line    0x0000000000000000      0x894 Core/Inc/time.o
 .debug_line    0x0000000000000894      0x77e Core/Src/main.o
 .debug_line    0x0000000000001012     0x15cc Core/Src/mainpp.o
 .debug_line    0x00000000000025de      0x741 Core/Src/stm32f3xx_hal_msp.o
 .debug_line    0x0000000000002d1f      0x765 Core/Src/stm32f3xx_it.o
 .debug_line    0x0000000000003484      0x711 Core/Src/syscalls.o
 .debug_line    0x0000000000003b95      0x531 Core/Src/sysmem.o
 .debug_line    0x00000000000040c6      0x696 Core/Src/system_stm32f3xx.o
 .debug_line    0x000000000000475c       0x85 Core/Startup/startup_stm32f303k8tx.o
 .debug_line    0x00000000000047e1      0x853 Drivers/STM32F3xx_HAL_Driver/Src/stm32f3xx_hal.o
 .debug_line    0x0000000000005034      0x92a Drivers/STM32F3xx_HAL_Driver/Src/stm32f3xx_hal_cortex.o
 .debug_line    0x000000000000595e      0x88c Drivers/STM32F3xx_HAL_Driver/Src/stm32f3xx_hal_dma.o
 .debug_line    0x00000000000061ea      0x7f4 Drivers/STM32F3xx_HAL_Driver/Src/stm32f3xx_hal_gpio.o
 .debug_line    0x00000000000069de      0xdcb Drivers/STM32F3xx_HAL_Driver/Src/stm32f3xx_hal_rcc.o
 .debug_line    0x00000000000077a9     0x1a7e Drivers/STM32F3xx_HAL_Driver/Src/stm32f3xx_hal_tim.o
 .debug_line    0x0000000000009227      0xd01 Drivers/STM32F3xx_HAL_Driver/Src/stm32f3xx_hal_tim_ex.o
 .debug_line    0x0000000000009f28     0x1125 Drivers/STM32F3xx_HAL_Driver/Src/stm32f3xx_hal_uart.o
 .debug_line    0x000000000000b04d      0x771 Drivers/STM32F3xx_HAL_Driver/Src/stm32f3xx_hal_uart_ex.o

.debug_str      0x0000000000000000    0x90de5
 .debug_str     0x0000000000000000     0x97eb Core/Inc/time.o
                                       0x9b58 (size before relaxing)
 .debug_str     0x00000000000097eb    0x80306 Core/Src/main.o
                                      0x842d8 (size before relaxing)
 .debug_str     0x0000000000089af1     0x2328 Core/Src/mainpp.o
                                      0x8bab2 (size before relaxing)
 .debug_str     0x000000000008be19       0xde Core/Src/stm32f3xx_hal_msp.o
                                      0x83fc8 (size before relaxing)
 .debug_str     0x000000000008bef7      0x101 Core/Src/stm32f3xx_it.o
                                      0x83c53 (size before relaxing)
 .debug_str     0x000000000008bff8     0x233d Core/Src/syscalls.o
                                       0x889b (size before relaxing)
 .debug_str     0x000000000008e335       0x36 Core/Src/sysmem.o
                                       0x7af4 (size before relaxing)
 .debug_str     0x000000000008e36b       0xd1 Core/Src/system_stm32f3xx.o
                                      0x83542 (size before relaxing)
 .debug_str     0x000000000008e43c       0x36 Core/Startup/startup_stm32f303k8tx.o
                                         0x76 (size before relaxing)
 .debug_str     0x000000000008e472      0x3d4 Drivers/STM32F3xx_HAL_Driver/Src/stm32f3xx_hal.o
                                      0x83b7c (size before relaxing)
 .debug_str     0x000000000008e846      0x2b5 Drivers/STM32F3xx_HAL_Driver/Src/stm32f3xx_hal_cortex.o
                                      0x83b5d (size before relaxing)
 .debug_str     0x000000000008eafb      0x248 Drivers/STM32F3xx_HAL_Driver/Src/stm32f3xx_hal_dma.o
                                      0x838a8 (size before relaxing)
 .debug_str     0x000000000008ed43      0x26f Drivers/STM32F3xx_HAL_Driver/Src/stm32f3xx_hal_gpio.o
                                      0x83806 (size before relaxing)
 .debug_str     0x000000000008efb2      0x313 Drivers/STM32F3xx_HAL_Driver/Src/stm32f3xx_hal_rcc.o
                                      0x8399c (size before relaxing)
 .debug_str     0x000000000008f2c5      0xd1c Drivers/STM32F3xx_HAL_Driver/Src/stm32f3xx_hal_tim.o
                                      0x8472f (size before relaxing)
 .debug_str     0x000000000008ffe1      0x4d5 Drivers/STM32F3xx_HAL_Driver/Src/stm32f3xx_hal_tim_ex.o
                                      0x83f36 (size before relaxing)
 .debug_str     0x00000000000904b6      0x7cf Drivers/STM32F3xx_HAL_Driver/Src/stm32f3xx_hal_uart.o